Archive member included to satisfy reference by file (symbol)

app/libapp.a(main.c.obj)      (--whole-archive)
app/libapp.a(myuart.c.obj)    (--whole-archive)
zephyr/libzephyr.a(cbprintf.c.obj)
                              (--whole-archive)
zephyr/libzephyr.a(cbprintf_packaged.c.obj)
                              (--whole-archive)
zephyr/libzephyr.a(crc32c_sw.c.obj)
                              (--whole-archive)
zephyr/libzephyr.a(crc32_sw.c.obj)
                              (--whole-archive)
zephyr/libzephyr.a(crc16_sw.c.obj)
                              (--whole-archive)
zephyr/libzephyr.a(crc8_sw.c.obj)
                              (--whole-archive)
zephyr/libzephyr.a(crc7_sw.c.obj)
                              (--whole-archive)
zephyr/libzephyr.a(dec.c.obj)
                              (--whole-archive)
zephyr/libzephyr.a(fdtable.c.obj)
                              (--whole-archive)
zephyr/libzephyr.a(hex.c.obj)
                              (--whole-archive)
zephyr/libzephyr.a(notify.c.obj)
                              (--whole-archive)
zephyr/libzephyr.a(printk.c.obj)
                              (--whole-archive)
zephyr/libzephyr.a(onoff.c.obj)
                              (--whole-archive)
zephyr/libzephyr.a(rb.c.obj)  (--whole-archive)
zephyr/libzephyr.a(sem.c.obj)
                              (--whole-archive)
zephyr/libzephyr.a(thread_entry.c.obj)
                              (--whole-archive)
zephyr/libzephyr.a(timeutil.c.obj)
                              (--whole-archive)
zephyr/libzephyr.a(heap.c.obj)
                              (--whole-archive)
zephyr/libzephyr.a(heap-validate.c.obj)
                              (--whole-archive)
zephyr/libzephyr.a(bitarray.c.obj)
                              (--whole-archive)
zephyr/libzephyr.a(multi_heap.c.obj)
                              (--whole-archive)
zephyr/libzephyr.a(cbprintf_complete.c.obj)
                              (--whole-archive)
zephyr/libzephyr.a(reboot.c.obj)
                              (--whole-archive)
zephyr/libzephyr.a(configs.c.obj)
                              (--whole-archive)
zephyr/libzephyr.a(soc_nrf_common.S.obj)
                              (--whole-archive)
zephyr/libzephyr.a(validate_base_addresses.c.obj)
                              (--whole-archive)
zephyr/libzephyr.a(validate_enabled_instances.c.obj)
                              (--whole-archive)
zephyr/libzephyr.a(thread_info.c.obj)
                              (--whole-archive)
zephyr/libzephyr.a(pm.c.obj)  (--whole-archive)
zephyr/libzephyr.a(constraint.c.obj)
                              (--whole-archive)
zephyr/libzephyr.a(residency.c.obj)
                              (--whole-archive)
zephyr/libzephyr.a(tracing_none.c.obj)
                              (--whole-archive)
zephyr/arch/common/libarch__common.a(sw_isr_common.c.obj)
                              (--whole-archive)
zephyr/arch/arch/arm/core/aarch32/libarch__arm__core__aarch32.a(cpu_idle.S.obj)
                              (--whole-archive)
zephyr/arch/arch/arm/core/aarch32/libarch__arm__core__aarch32.a(fatal.c.obj)
                              (--whole-archive)
zephyr/arch/arch/arm/core/aarch32/libarch__arm__core__aarch32.a(irq_manage.c.obj)
                              (--whole-archive)
zephyr/arch/arch/arm/core/aarch32/libarch__arm__core__aarch32.a(nmi.c.obj)
                              (--whole-archive)
zephyr/arch/arch/arm/core/aarch32/libarch__arm__core__aarch32.a(nmi_on_reset.S.obj)
                              (--whole-archive)
zephyr/arch/arch/arm/core/aarch32/libarch__arm__core__aarch32.a(prep_c.c.obj)
                              (--whole-archive)
zephyr/arch/arch/arm/core/aarch32/libarch__arm__core__aarch32.a(swap.c.obj)
                              (--whole-archive)
zephyr/arch/arch/arm/core/aarch32/libarch__arm__core__aarch32.a(swap_helper.S.obj)
                              (--whole-archive)
zephyr/arch/arch/arm/core/aarch32/libarch__arm__core__aarch32.a(thread.c.obj)
                              (--whole-archive)
zephyr/arch/arch/arm/core/aarch32/libarch__arm__core__aarch32.a(isr_wrapper.S.obj)
                              (--whole-archive)
zephyr/arch/arch/arm/core/aarch32/cortex_m/libarch__arm__core__aarch32__cortex_m.a(exc_exit.S.obj)
                              (--whole-archive)
zephyr/arch/arch/arm/core/aarch32/cortex_m/libarch__arm__core__aarch32__cortex_m.a(fault.c.obj)
                              (--whole-archive)
zephyr/arch/arch/arm/core/aarch32/cortex_m/libarch__arm__core__aarch32__cortex_m.a(fault_s.S.obj)
                              (--whole-archive)
zephyr/arch/arch/arm/core/aarch32/cortex_m/libarch__arm__core__aarch32__cortex_m.a(fpu.c.obj)
                              (--whole-archive)
zephyr/arch/arch/arm/core/aarch32/cortex_m/libarch__arm__core__aarch32__cortex_m.a(irq_init.c.obj)
                              (--whole-archive)
zephyr/arch/arch/arm/core/aarch32/cortex_m/libarch__arm__core__aarch32__cortex_m.a(reset.S.obj)
[...]
Memory Configuration

Name             Origin             Length             Attributes
FLASH            0x00000000         0x00030000         xr
SRAM             0x20000000         0x00006000         xw
IDT_LIST         0xfffff7ff         0x00000800         xw
*default*        0x00000000         0xffffffff

Linker script and memory map

LOAD zephyr/CMakeFiles/zephyr_pre0.dir/misc/empty_file.c.obj
                0x00000020                _region_min_align = 0x20

.rel.plt        0x00000000        0x0
 *(SORT_BY_ALIGNMENT(.rel.plt))
                [!provide]                PROVIDE (__rel_iplt_start = .)
 *(SORT_BY_ALIGNMENT(.rel.iplt))
 .rel.iplt      0x00000000        0x0 app/libapp.a(main.c.obj)
                [!provide]                PROVIDE (__rel_iplt_end = .)

.rela.plt       0x00000000        0x0
 *(SORT_BY_ALIGNMENT(.rela.plt))
                [!provide]                PROVIDE (__rela_iplt_start = .)
 *(SORT_BY_ALIGNMENT(.rela.iplt))
                [!provide]                PROVIDE (__rela_iplt_end = .)

.rel.dyn
 *(SORT_BY_ALIGNMENT(.rel.*))

.rela.dyn
 *(SORT_BY_ALIGNMENT(.rela.*))

/DISCARD/
 *(SORT_BY_ALIGNMENT(.plt))
 *(SORT_BY_ALIGNMENT(.iplt))
 *(SORT_BY_ALIGNMENT(.got.plt))
 *(SORT_BY_ALIGNMENT(.igot.plt))
 *(SORT_BY_ALIGNMENT(.got))
 *(SORT_BY_ALIGNMENT(.igot))
 *(SORT_BY_ALIGNMENT(.note.GNU-stack))
                0x00000000                __rom_region_start = 0x0

rom_start       0x00000000       0xb8
                0x00000000                . = 0x0
                0x00000000                . = ALIGN (0x4)
                0x00000000                . = ALIGN (0x80)
                0x00000000                . = ALIGN (0x100)
                0x00000000                _vector_start = .
 *(SORT_BY_ALIGNMENT(.exc_vector_table))
 *(SORT_BY_ALIGNMENT(.exc_vector_table.*))
 .exc_vector_table._vector_table_section
                0x00000000       0x40 zephyr/arch/arch/arm/core/aarch32/cortex_m/libarch__arm__core__aarch32__cortex_m.a(vector_table.S.obj)
                0x00000000                _vector_table
 *(SORT_BY_ALIGNMENT(.gnu.linkonce.irq_vector_table*))
 .gnu.linkonce.irq_vector_table
                0x00000040       0x78 zephyr/arch/common/libisr_tables.a(isr_tables.c.obj)
                0x00000040                _irq_vector_table
 *(SORT_BY_ALIGNMENT(.vectors))
                0x000000b8                _vector_end = .

text            0x000000b8     0x5484
                0x000000b8                __text_region_start = .
 *(SORT_BY_ALIGNMENT(.text))
 .text          0x000000b8       0x30 c:/users/thomas/ncs/v1.9.1/toolchain/opt/bin/../lib/gcc/arm-none-eabi/9.2.1/thumb/v7e-m/nofp\libgcc.a(_aeabi_uldivmod.o)
                0x000000b8                __aeabi_uldivmod
 .text          0x000000e8      0x2c0 c:/users/thomas/ncs/v1.9.1/toolchain/opt/bin/../lib/gcc/arm-none-eabi/9.2.1/thumb/v7e-m/nofp\libgcc.a(_udivmoddi4.o)
                0x000000e8                __udivmoddi4
 .text          0x000003a8        0x4 c:/users/thomas/ncs/v1.9.1/toolchain/opt/bin/../lib/gcc/arm-none-eabi/9.2.1/thumb/v7e-m/nofp\libgcc.a(_dvmd_tls.o)
                0x000003a8                __aeabi_idiv0
                0x000003a8                __aeabi_ldiv0
 *(SORT_BY_ALIGNMENT(.text.*))
 .text.main     0x000003ac       0x4c app/libapp.a(main.c.obj)
                0x000003ac                main
 .text.uart_init
                0x000003f8       0x4c app/libapp.a(myuart.c.obj)
                0x000003f8                uart_init
 .text.char_out
                0x00000444       0x14 zephyr/libzephyr.a(printk.c.obj)
 .text.vprintk  0x00000458       0x20 zephyr/libzephyr.a(printk.c.obj)
                0x00000458                vprintk
 .text.vsnprintk
                0x00000478       0x2c zephyr/libzephyr.a(printk.c.obj)
                0x00000478                vsnprintk
 .text.process_event
                0x000004a4      0x158 zephyr/libzephyr.a(onoff.c.obj)
 .text.cbvprintf
                0x000005fc      0x9d4 zephyr/libzephyr.a(cbprintf_complete.c.obj)
                0x000005fc                cbvprintf
 .text.pm_system_resume
                0x00000fd0       0xcc zephyr/libzephyr.a(pm.c.obj)
                0x00000fd0                pm_system_resume
 .text.pm_system_suspend
                0x0000109c      0x17c zephyr/libzephyr.a(pm.c.obj)
                0x0000109c                pm_system_suspend
 .text.z_arm_cpu_idle_init
                0x00001218        0xc zephyr/arch/arch/arm/core/aarch32/libarch__arm__core__aarch32.a(cpu_idle.S.obj)
                0x00001218                z_arm_cpu_idle_init
 .text.arch_cpu_idle
                0x00001224       0x1c zephyr/arch/arch/arm/core/aarch32/libarch__arm__core__aarch32.a(cpu_idle.S.obj)
                0x00001224                arch_cpu_idle
 .text.arch_cpu_atomic_idle
                0x00001240       0x14 zephyr/arch/arch/arm/core/aarch32/libarch__arm__core__aarch32.a(cpu_idle.S.obj)
                0x00001240                arch_cpu_atomic_idle
 .text.arch_irq_enable
                0x00001254       0x20 zephyr/arch/arch/arm/core/aarch32/libarch__arm__core__aarch32.a(irq_manage.c.obj)
                0x00001254                arch_irq_enable
 .text.arch_irq_is_enabled
                0x00001274       0x1c zephyr/arch/arch/arm/core/aarch32/libarch__arm__core__aarch32.a(irq_manage.c.obj)
                0x00001274                arch_irq_is_enabled
 .text.z_arm_irq_priority_set
                0x00001290       0x2c zephyr/arch/arch/arm/core/aarch32/libarch__arm__core__aarch32.a(irq_manage.c.obj)
                0x00001290                z_arm_irq_priority_set
 .text.z_SysNmiOnReset
                0x000012bc        0x8 zephyr/arch/arch/arm/core/aarch32/libarch__arm__core__aarch32.a(nmi_on_reset.S.obj)
                0x000012bc                z_SysNmiOnReset
 .text.z_arm_prep_c
                0x000012c4       0x2c zephyr/arch/arch/arm/core/aarch32/libarch__arm__core__aarch32.a(prep_c.c.obj)
                0x000012c4                z_arm_prep_c
 .text.arch_swap
                0x000012f0       0x38 zephyr/arch/arch/arm/core/aarch32/libarch__arm__core__aarch32.a(swap.c.obj)
                0x000012f0                arch_swap
 .text.z_arm_pendsv
                0x00001328       0x58 zephyr/arch/arch/arm/core/aarch32/libarch__arm__core__aarch32.a(swap_helper.S.obj)
                0x00001328                z_arm_pendsv
 .text.z_arm_svc
                0x00001380       0x20 zephyr/arch/arch/arm/core/aarch32/libarch__arm__core__aarch32.a(swap_helper.S.obj)
                0x00001380                z_arm_svc
 .text.arch_new_thread
                0x000013a0       0x40 zephyr/arch/arch/arm/core/aarch32/libarch__arm__core__aarch32.a(thread.c.obj)
                0x000013a0                arch_new_thread
 .text.z_check_thread_stack_fail
                0x000013e0       0x60 zephyr/arch/arch/arm/core/aarch32/libarch__arm__core__aarch32.a(thread.c.obj)
                0x000013e0                z_check_thread_stack_fail
 .text.arch_switch_to_main_thread
                0x00001440       0x2c zephyr/arch/arch/arm/core/aarch32/libarch__arm__core__aarch32.a(thread.c.obj)
                0x00001440                arch_switch_to_main_thread
 .text._isr_wrapper
                0x0000146c       0x40 zephyr/arch/arch/arm/core/aarch32/libarch__arm__core__aarch32.a(isr_wrapper.S.obj)
                0x0000146c                _isr_wrapper
 .text._HandlerModeExit
                0x000014ac       0x1c zephyr/arch/arch/arm/core/aarch32/cortex_m/libarch__arm__core__aarch32__cortex_m.a(exc_exit.S.obj)
                0x000014ac                z_arm_int_exit
                0x000014ac                z_arm_exc_exit
 .text.bus_fault
                0x000014c8       0x48 zephyr/arch/arch/arm/core/aarch32/cortex_m/libarch__arm__core__aarch32__cortex_m.a(fault.c.obj)
 .text.usage_fault
                0x00001510       0x24 zephyr/arch/arch/arm/core/aarch32/cortex_m/libarch__arm__core__aarch32__cortex_m.a(fault.c.obj)
 .text.mem_manage_fault
                0x00001534       0x88 zephyr/arch/arch/arm/core/aarch32/cortex_m/libarch__arm__core__aarch32__cortex_m.a(fault.c.obj)
 .text.hard_fault
                0x000015bc       0x84 zephyr/arch/arch/arm/core/aarch32/cortex_m/libarch__arm__core__aarch32__cortex_m.a(fault.c.obj)
 .text.z_arm_fault
                0x00001640       0x94 zephyr/arch/arch/arm/core/aarch32/cortex_m/libarch__arm__core__aarch32__cortex_m.a(fault.c.obj)
                0x00001640                z_arm_fault
 .text.z_arm_fault_init
                0x000016d4       0x10 zephyr/arch/arch/arm/core/aarch32/cortex_m/libarch__arm__core__aarch32__cortex_m.a(fault.c.obj)
                0x000016d4                z_arm_fault_init
 .text.__fault  0x000016e4       0x14 zephyr/arch/arch/arm/core/aarch32/cortex_m/libarch__arm__core__aarch32__cortex_m.a(fault_s.S.obj)
                0x000016e4                z_arm_usage_fault
                0x000016e4                z_arm_mpu_fault
                0x000016e4                z_arm_exc_spurious
                0x000016e4                z_arm_debug_monitor
                0x000016e4                z_arm_hard_fault
                0x000016e4                z_arm_bus_fault
 .text.z_arm_interrupt_init
                0x000016f8       0x34 zephyr/arch/arch/arm/core/aarch32/cortex_m/libarch__arm__core__aarch32__cortex_m.a(irq_init.c.obj)
                0x000016f8                z_arm_interrupt_init
 .text._reset_section
                0x0000172c       0x54 zephyr/arch/arch/arm/core/aarch32/cortex_m/libarch__arm__core__aarch32__cortex_m.a(reset.S.obj)
                0x0000172c                __start
                0x0000172c                z_arm_reset
 .text.z_arm_clear_arm_mpu_config
                0x00001780       0x20 zephyr/arch/arch/arm/core/aarch32/cortex_m/libarch__arm__core__aarch32__cortex_m.a(scb.c.obj)
                0x00001780                z_arm_clear_arm_mpu_config
 .text.z_arm_init_arch_hw_at_boot
                0x000017a0       0x54 zephyr/arch/arch/arm/core/aarch32/cortex_m/libarch__arm__core__aarch32__cortex_m.a(scb.c.obj)
                0x000017a0                z_arm_init_arch_hw_at_boot
 .text.z_impl_k_thread_abort
                0x000017f4       0x2c zephyr/arch/arch/arm/core/aarch32/cortex_m/libarch__arm__core__aarch32__cortex_m.a(thread_abort.c.obj)
                0x000017f4                z_impl_k_thread_abort
 .text.z_arm_configure_static_mpu_regions
                0x00001820       0x1c zephyr/arch/arch/arm/core/aarch32/mpu/libarch__arm__core__aarch32__mpu.a(arm_core_mpu.c.obj)
                0x00001820                z_arm_configure_static_mpu_regions
 .text.z_arm_configure_dynamic_mpu_regions
                0x0000183c       0x24 zephyr/arch/arch/arm/core/aarch32/mpu/libarch__arm__core__aarch32__mpu.a(arm_core_mpu.c.obj)
                0x0000183c                z_arm_configure_dynamic_mpu_regions
 .text.region_init
                0x00001860       0x20 zephyr/arch/arch/arm/core/aarch32/mpu/libarch__arm__core__aarch32__mpu.a(arm_mpu.c.obj)
 .text.mpu_configure_static_mpu_regions
                0x00001880       0x14 zephyr/arch/arch/arm/core/aarch32/mpu/libarch__arm__core__aarch32__mpu.a(arm_mpu.c.obj)
 .text.mpu_configure_dynamic_mpu_regions
                0x00001894       0x30 zephyr/arch/arch/arm/core/aarch32/mpu/libarch__arm__core__aarch32__mpu.a(arm_mpu.c.obj)
 .text.arm_core_mpu_enable
                0x000018c4       0x14 zephyr/arch/arch/arm/core/aarch32/mpu/libarch__arm__core__aarch32__mpu.a(arm_mpu.c.obj)
                0x000018c4                arm_core_mpu_enable
 .text.arm_core_mpu_disable
                0x000018d8       0x10 zephyr/arch/arch/arm/core/aarch32/mpu/libarch__arm__core__aarch32__mpu.a(arm_mpu.c.obj)
                0x000018d8                arm_core_mpu_disable
 .text.z_arm_mpu_init
                0x000018e8       0x44 zephyr/arch/arch/arm/core/aarch32/mpu/libarch__arm__core__aarch32__mpu.a(arm_mpu.c.obj)
                0x000018e8                z_arm_mpu_init
 .text.sys_arch_reboot
                0x0000192c       0x2c zephyr/soc/arm/nordic_nrf/nrf52/libsoc__arm__nordic_nrf__nrf52.a(soc.c.obj)
                0x0000192c                sys_arch_reboot
 .text.arch_busy_wait
                0x00001958       0x18 zephyr/soc/arm/nordic_nrf/nrf52/libsoc__arm__nordic_nrf__nrf52.a(soc.c.obj)
                0x00001958                arch_busy_wait
 .text.get_hf_flags
                0x00001970        0x8 zephyr/drivers/clock_control/libdrivers__clock_control.a(clock_control_nrf.c.obj)
 .text.get_subsys
                0x00001978       0x18 zephyr/drivers/clock_control/libdrivers__clock_control.a(clock_control_nrf.c.obj)
 .text.onoff_stop
                0x00001990       0x20 zephyr/drivers/clock_control/libdrivers__clock_control.a(clock_control_nrf.c.obj)
 .text.onoff_start
                0x000019b0       0x34 zephyr/drivers/clock_control/libdrivers__clock_control.a(clock_control_nrf.c.obj)
 .text.clock_event_handler
                0x000019e4       0x34 zephyr/drivers/clock_control/libdrivers__clock_control.a(clock_control_nrf.c.obj)
 .text.generic_hfclk_start
                0x00001a18       0x68 zephyr/drivers/clock_control/libdrivers__clock_control.a(clock_control_nrf.c.obj)
 .text.generic_hfclk_stop
                0x00001a80       0x30 zephyr/drivers/clock_control/libdrivers__clock_control.a(clock_control_nrf.c.obj)
 .text.api_blocking_start
                0x00001ab0       0x38 zephyr/drivers/clock_control/libdrivers__clock_control.a(clock_control_nrf.c.obj)
 .text.clk_init
                0x00001ae8       0x68 zephyr/drivers/clock_control/libdrivers__clock_control.a(clock_control_nrf.c.obj)
 .text.lfclk_spinwait
                0x00001b50       0xe8 zephyr/drivers/clock_control/libdrivers__clock_control.a(clock_control_nrf.c.obj)
 .text.z_nrf_clock_control_lf_on
                0x00001c38       0x54 zephyr/drivers/clock_control/libdrivers__clock_control.a(clock_control_nrf.c.obj)
                0x00001c38                z_nrf_clock_control_lf_on
 .text.baudrate_set
                0x00001c8c      0x150 zephyr/drivers/serial/libdrivers__serial.a(uart_nrfx_uarte.c.obj)
 .text.uarte_nrfx_poll_out
                0x00001ddc       0x8c zephyr/drivers/serial/libdrivers__serial.a(uart_nrfx_uarte.c.obj)
 .text.uarte_nrfx_rx_enable
                0x00001e68      0x118 zephyr/drivers/serial/libdrivers__serial.a(uart_nrfx_uarte.c.obj)
 .text.uarte_nrfx_tx
                0x00001f80       0xd0 zephyr/drivers/serial/libdrivers__serial.a(uart_nrfx_uarte.c.obj)
 .text.rxstarted_isr
                0x00002050       0x74 zephyr/drivers/serial/libdrivers__serial.a(uart_nrfx_uarte.c.obj)
 .text.endtx_stoptx_ppi_init
                0x000020c4       0x48 zephyr/drivers/serial/libdrivers__serial.a(uart_nrfx_uarte.c.obj)
 .text.uarte_nrfx_init
                0x0000210c       0x88 zephyr/drivers/serial/libdrivers__serial.a(uart_nrfx_uarte.c.obj)
 .text.set_comparator
                0x00002194       0x14 zephyr/drivers/timer/libdrivers__timer.a(nrf_rtc_timer.c.obj)
 .text.get_comparator
                0x000021a8       0x10 zephyr/drivers/timer/libdrivers__timer.a(nrf_rtc_timer.c.obj)
 .text.event_enable
                0x000021b8       0x14 zephyr/drivers/timer/libdrivers__timer.a(nrf_rtc_timer.c.obj)
 .text.event_disable
                0x000021cc       0x14 zephyr/drivers/timer/libdrivers__timer.a(nrf_rtc_timer.c.obj)
 .text.counter  0x000021e0        0xc zephyr/drivers/timer/libdrivers__timer.a(nrf_rtc_timer.c.obj)
 .text.compare_int_lock
                0x000021ec       0x50 zephyr/drivers/timer/libdrivers__timer.a(nrf_rtc_timer.c.obj)
 .text.channel_processing_check_and_clear
                0x0000223c       0x78 zephyr/drivers/timer/libdrivers__timer.a(nrf_rtc_timer.c.obj)
 .text.compare_int_unlock
                0x000022b4       0x60 zephyr/drivers/timer/libdrivers__timer.a(nrf_rtc_timer.c.obj)
 .text.sys_clock_timeout_handler
                0x00002314       0x74 zephyr/drivers/timer/libdrivers__timer.a(nrf_rtc_timer.c.obj)
 .text.z_nrf_rtc_timer_read
                0x00002388       0x40 zephyr/drivers/timer/libdrivers__timer.a(nrf_rtc_timer.c.obj)
                0x00002388                z_nrf_rtc_timer_read
 .text.compare_set_nolocks
                0x000023c8       0xa4 zephyr/drivers/timer/libdrivers__timer.a(nrf_rtc_timer.c.obj)
 .text.sys_clock_driver_init
                0x0000246c       0x9c zephyr/drivers/timer/libdrivers__timer.a(nrf_rtc_timer.c.obj)
 .text.process_channel
                0x00002508       0x74 zephyr/drivers/timer/libdrivers__timer.a(nrf_rtc_timer.c.obj)
 .text.rtc_nrf_isr
                0x0000257c       0x44 zephyr/drivers/timer/libdrivers__timer.a(nrf_rtc_timer.c.obj)
                0x0000257c                rtc_nrf_isr
 .text.sys_clock_set_timeout
                0x000025c0       0x68 zephyr/drivers/timer/libdrivers__timer.a(nrf_rtc_timer.c.obj)
                0x000025c0                sys_clock_set_timeout
 .text.sys_clock_elapsed
                0x00002628       0x14 zephyr/drivers/timer/libdrivers__timer.a(nrf_rtc_timer.c.obj)
                0x00002628                sys_clock_elapsed
 .text.nrf52_errata_31
                0x0000263c       0x14 modules/hal_nordic/nrfx/libmodules__hal_nordic__nrfx.a(system_nrf52811.c.obj)
 .text.nrf52_errata_36
                0x00002650       0x14 modules/hal_nordic/nrfx/libmodules__hal_nordic__nrfx.a(system_nrf52811.c.obj)
 .text.nrf52_errata_66
                0x00002664       0x14 modules/hal_nordic/nrfx/libmodules__hal_nordic__nrfx.a(system_nrf52811.c.obj)
 .text.nrf52_errata_136
                0x00002678       0x14 modules/hal_nordic/nrfx/libmodules__hal_nordic__nrfx.a(system_nrf52811.c.obj)
 .text.nrf52_errata_217
                0x0000268c       0x14 modules/hal_nordic/nrfx/libmodules__hal_nordic__nrfx.a(system_nrf52811.c.obj)
 .text.nrf52_configuration_249
                0x000026a0       0x24 modules/hal_nordic/nrfx/libmodules__hal_nordic__nrfx.a(system_nrf52811.c.obj)
 .text.nvmc_wait
                0x000026c4       0x10 modules/hal_nordic/nrfx/libmodules__hal_nordic__nrfx.a(system_nrf52811.c.obj)
                0x000026c4                nvmc_wait
 .text.nvmc_config
                0x000026d4       0x14 modules/hal_nordic/nrfx/libmodules__hal_nordic__nrfx.a(system_nrf52811.c.obj)
                0x000026d4                nvmc_config
 .text.SystemCoreClockUpdate
                0x000026e8       0x10 modules/hal_nordic/nrfx/libmodules__hal_nordic__nrfx.a(system_nrf52811.c.obj)
                0x000026e8                SystemCoreClockUpdate
 .text.SystemInit
                0x000026f8      0x1c0 modules/hal_nordic/nrfx/libmodules__hal_nordic__nrfx.a(system_nrf52811.c.obj)
                0x000026f8                SystemInit
 .text.nrfx_flag32_alloc
                0x000028b8       0x48 modules/hal_nordic/nrfx/libmodules__hal_nordic__nrfx.a(nrfx_flag32_allocator.c.obj)
                0x000028b8                nrfx_flag32_alloc
 .text.nrfx_clock_init
                0x00002900       0x24 modules/hal_nordic/nrfx/libmodules__hal_nordic__nrfx.a(nrfx_clock.c.obj)
                0x00002900                nrfx_clock_init
 .text.nrfx_clock_start
                0x00002924       0x70 modules/hal_nordic/nrfx/libmodules__hal_nordic__nrfx.a(nrfx_clock.c.obj)
                0x00002924                nrfx_clock_start
 .text.nrfx_clock_stop
                0x00002994      0x10c modules/hal_nordic/nrfx/libmodules__hal_nordic__nrfx.a(nrfx_clock.c.obj)
                0x00002994                nrfx_clock_stop
 .text.nrfx_power_clock_irq_handler
                0x00002aa0       0x70 modules/hal_nordic/nrfx/libmodules__hal_nordic__nrfx.a(nrfx_clock.c.obj)
                0x00002aa0                nrfx_power_clock_irq_handler
 .text.nrfx_ppi_channel_alloc
                0x00002b10       0x10 modules/hal_nordic/nrfx/libmodules__hal_nordic__nrfx.a(nrfx_ppi.c.obj)
                0x00002b10                nrfx_ppi_channel_alloc
 .text.z_device_state_init
                0x00002b20       0x18 zephyr/kernel/libkernel.a(device.c.obj)
                0x00002b20                z_device_state_init
 .text.z_sys_init_run_level
                0x00002b38       0x50 zephyr/kernel/libkernel.a(device.c.obj)
                0x00002b38                z_sys_init_run_level
 .text.z_impl_device_get_binding
                0x00002b88       0x64 zephyr/kernel/libkernel.a(device.c.obj)
                0x00002b88                z_impl_device_get_binding
 .text.init_idle_thread
                0x00002bec       0x70 zephyr/kernel/libkernel.a(init.c.obj)
 .text.prepare_multithreading
                0x00002c5c       0x94 zephyr/kernel/libkernel.a(init.c.obj)
 .text.bg_thread_main
                0x00002cf0       0x34 zephyr/kernel/libkernel.a(init.c.obj)
 .text.switch_to_main_thread
                0x00002d24       0x14 zephyr/kernel/libkernel.a(init.c.obj)
 .text.z_bss_zero
                0x00002d38       0x18 zephyr/kernel/libkernel.a(init.c.obj)
                0x00002d38                z_bss_zero
 .text.z_cstart
                0x00002d50       0x80 zephyr/kernel/libkernel.a(init.c.obj)
                0x00002d50                z_cstart
 .text.z_thread_monitor_exit
                0x00002dd0       0x40 zephyr/kernel/libkernel.a(thread.c.obj)
                0x00002dd0                z_thread_monitor_exit
 .text.schedule_new_thread
                0x00002e10       0x24 zephyr/kernel/libkernel.a(thread.c.obj)
 .text.z_setup_new_thread
                0x00002e34       0xc8 zephyr/kernel/libkernel.a(thread.c.obj)
                0x00002e34                z_setup_new_thread
 .text.z_init_static_threads
                0x00002efc       0x9c zephyr/kernel/libkernel.a(thread.c.obj)
                0x00002efc                z_init_static_threads
 .text.idle     0x00002f98       0x30 zephyr/kernel/libkernel.a(idle.c.obj)
                0x00002f98                idle
 .text.z_impl_k_sem_give
                0x00002fc8       0x48 zephyr/kernel/libkernel.a(sem.c.obj)
                0x00002fc8                z_impl_k_sem_give
 .text.z_impl_k_sem_take
                0x00003010       0x54 zephyr/kernel/libkernel.a(sem.c.obj)
                0x00003010                z_impl_k_sem_take
 .text.add_thread_timeout
                0x00003064       0x20 zephyr/kernel/libkernel.a(sched.c.obj)
 .text.z_reset_time_slice
                0x00003084       0x2c zephyr/kernel/libkernel.a(sched.c.obj)
                0x00003084                z_reset_time_slice
 .text.k_sched_time_slice_set
                0x000030b0       0x78 zephyr/kernel/libkernel.a(sched.c.obj)
                0x000030b0                k_sched_time_slice_set
 .text.z_reschedule
                0x00003128       0x38 zephyr/kernel/libkernel.a(sched.c.obj)
                0x00003128                z_reschedule
 .text.k_sched_lock
                0x00003160       0x30 zephyr/kernel/libkernel.a(sched.c.obj)
                0x00003160                k_sched_lock
 .text.update_cache
                0x00003190       0x4c zephyr/kernel/libkernel.a(sched.c.obj)
 .text.move_thread_to_end_of_prio_q
                0x000031dc       0x88 zephyr/kernel/libkernel.a(sched.c.obj)
 .text.z_time_slice
                0x00003264       0x98 zephyr/kernel/libkernel.a(sched.c.obj)
                0x00003264                z_time_slice
 .text.ready_thread
                0x000032fc       0x80 zephyr/kernel/libkernel.a(sched.c.obj)
 .text.z_sched_start
                0x0000337c       0x3c zephyr/kernel/libkernel.a(sched.c.obj)
                0x0000337c                z_sched_start
 .text.unready_thread
                0x000033b8       0x38 zephyr/kernel/libkernel.a(sched.c.obj)
 .text.z_pend_curr
                0x000033f0       0x28 zephyr/kernel/libkernel.a(sched.c.obj)
                0x000033f0                z_pend_curr
 .text.z_impl_k_thread_suspend
                0x00003418       0x84 zephyr/kernel/libkernel.a(sched.c.obj)
                0x00003418                z_impl_k_thread_suspend
 .text.k_sched_unlock
                0x0000349c       0x4c zephyr/kernel/libkernel.a(sched.c.obj)
                0x0000349c                k_sched_unlock
 .text.end_thread
                0x000034e8       0x9c zephyr/kernel/libkernel.a(sched.c.obj)
 .text.z_sched_init
                0x00003584       0x18 zephyr/kernel/libkernel.a(sched.c.obj)
                0x00003584                z_sched_init
 .text.z_impl_k_yield
                0x0000359c       0x88 zephyr/kernel/libkernel.a(sched.c.obj)
                0x0000359c                z_impl_k_yield
 .text.z_tick_sleep
                0x00003624       0xa0 zephyr/kernel/libkernel.a(sched.c.obj)
 .text.z_impl_k_sleep
                0x000036c4       0x58 zephyr/kernel/libkernel.a(sched.c.obj)
                0x000036c4                z_impl_k_sleep
 .text.z_impl_z_current_get
                0x0000371c        0xc zephyr/kernel/libkernel.a(sched.c.obj)
                0x0000371c                z_impl_z_current_get
 .text.z_thread_abort
                0x00003728       0x50 zephyr/kernel/libkernel.a(sched.c.obj)
                0x00003728                z_thread_abort
 .text.z_data_copy
                0x00003778       0x34 zephyr/kernel/libkernel.a(xip.c.obj)
                0x00003778                z_data_copy
 .text.first    0x000037ac       0x14 zephyr/kernel/libkernel.a(timeout.c.obj)
 .text.next     0x000037c0       0x18 zephyr/kernel/libkernel.a(timeout.c.obj)
 .text.elapsed  0x000037d8       0x18 zephyr/kernel/libkernel.a(timeout.c.obj)
 .text.next_timeout
                0x000037f0       0x4c zephyr/kernel/libkernel.a(timeout.c.obj)
 .text.z_add_timeout
                0x0000383c      0x154 zephyr/kernel/libkernel.a(timeout.c.obj)
                0x0000383c                z_add_timeout
 .text.sys_clock_announce
                0x00003990       0xc4 zephyr/kernel/libkernel.a(timeout.c.obj)
                0x00003990                sys_clock_announce
 .text.sys_clock_tick_get
                0x00003a54       0x40 zephyr/kernel/libkernel.a(timeout.c.obj)
                0x00003a54                sys_clock_tick_get
 .text.z_timer_expiration_handler
                0x00003a94       0x94 zephyr/kernel/libkernel.a(timer.c.obj)
                0x00003a94                z_timer_expiration_handler
 .text.z_impl_k_timer_start
                0x00003b28       0xe0 zephyr/kernel/libkernel.a(timer.c.obj)
                0x00003b28                z_impl_k_timer_start
 .text.uart_cb  0x00003c08        0x2 app/libapp.a(myuart.c.obj)
 .text.sys_notify_validate
                0x00003c0a       0x2e zephyr/libzephyr.a(notify.c.obj)
                0x00003c0a                sys_notify_validate
 .text.sys_notify_finalize
                0x00003c38       0x1a zephyr/libzephyr.a(notify.c.obj)
                0x00003c38                sys_notify_finalize
 .text.arch_printk_char_out
                0x00003c52        0x4 zephyr/libzephyr.a(printk.c.obj)
                0x00003c52                arch_printk_char_out
 .text.str_out  0x00003c56       0x30 zephyr/libzephyr.a(printk.c.obj)
 .text.printk   0x00003c86       0x1c zephyr/libzephyr.a(printk.c.obj)
                0x00003c86                printk
 .text.snprintk
                0x00003ca2       0x1c zephyr/libzephyr.a(printk.c.obj)
                0x00003ca2                snprintk
 .text.set_state
                0x00003cbe       0x10 zephyr/libzephyr.a(onoff.c.obj)
 .text.notify_monitors
                0x00003cce       0x3e zephyr/libzephyr.a(onoff.c.obj)
 .text.process_recheck
                0x00003d0c       0x32 zephyr/libzephyr.a(onoff.c.obj)
 .text.process_complete
                0x00003d3e       0x9a zephyr/libzephyr.a(onoff.c.obj)
 .text.validate_args
                0x00003dd8       0x2c zephyr/libzephyr.a(onoff.c.obj)
 .text.notify_one
                0x00003e04       0x26 zephyr/libzephyr.a(onoff.c.obj)
 .text.notify_all
                0x00003e2a       0x2e zephyr/libzephyr.a(onoff.c.obj)
 .text.transition_complete
                0x00003e58       0x1c zephyr/libzephyr.a(onoff.c.obj)
 .text.onoff_manager_init
                0x00003e74       0x38 zephyr/libzephyr.a(onoff.c.obj)
                0x00003e74                onoff_manager_init
 .text.onoff_request
                0x00003eac       0xb8 zephyr/libzephyr.a(onoff.c.obj)
                0x00003eac                onoff_request
 .text.z_thread_entry
                0x00003f64       0x14 zephyr/libzephyr.a(thread_entry.c.obj)
                0x00003f64                z_thread_entry
 .text.extract_decimal
                0x00003f78       0x26 zephyr/libzephyr.a(cbprintf_complete.c.obj)
 .text.encode_uint
                0x00003f9e       0xd4 zephyr/libzephyr.a(cbprintf_complete.c.obj)
 .text.outs     0x00004072       0x34 zephyr/libzephyr.a(cbprintf_complete.c.obj)
 .text._ConfigAbsSyms
                0x000040a6        0x2 zephyr/libzephyr.a(configs.c.obj)
                0x000040a6                _ConfigAbsSyms
 .text.pm_policy_next_state
                0x000040a8        0xa zephyr/libzephyr.a(residency.c.obj)
                0x000040a8                pm_policy_next_state
 .text.z_arm_fatal_error
                0x000040b2        0x8 zephyr/arch/arch/arm/core/aarch32/libarch__arm__core__aarch32.a(fatal.c.obj)
                0x000040b2                z_arm_fatal_error
 .text.z_do_kernel_oops
                0x000040ba        0xc zephyr/arch/arch/arm/core/aarch32/libarch__arm__core__aarch32.a(fatal.c.obj)
                0x000040ba                z_do_kernel_oops
 .text.z_irq_spurious
                0x000040c6        0xc zephyr/arch/arch/arm/core/aarch32/libarch__arm__core__aarch32.a(irq_manage.c.obj)
                0x000040c6                z_irq_spurious
 .text.z_arm_nmi
                0x000040d2        0xc zephyr/arch/arch/arm/core/aarch32/libarch__arm__core__aarch32.a(nmi.c.obj)
                0x000040d2                z_arm_nmi
 .text.memory_fault_recoverable
                0x000040de        0x4 zephyr/arch/arch/arm/core/aarch32/cortex_m/libarch__arm__core__aarch32__cortex_m.a(fault.c.obj)
 .text.debug_monitor
                0x000040e2        0x6 zephyr/arch/arch/arm/core/aarch32/cortex_m/libarch__arm__core__aarch32__cortex_m.a(fault.c.obj)
 .text.fault_handle
                0x000040e8       0x46 zephyr/arch/arch/arm/core/aarch32/cortex_m/libarch__arm__core__aarch32__cortex_m.a(fault.c.obj)
 .text.mpu_partition_is_valid
                0x0000412e       0x22 zephyr/arch/arch/arm/core/aarch32/mpu/libarch__arm__core__aarch32__mpu.a(arm_mpu.c.obj)
 .text.region_allocate_and_init
                0x00004150       0x16 zephyr/arch/arch/arm/core/aarch32/mpu/libarch__arm__core__aarch32__mpu.a(arm_mpu.c.obj)
 .text.mpu_configure_region
                0x00004166       0x3e zephyr/arch/arch/arm/core/aarch32/mpu/libarch__arm__core__aarch32__mpu.a(arm_mpu.c.obj)
 .text.mpu_configure_regions
                0x000041a4       0x50 zephyr/arch/arch/arm/core/aarch32/mpu/libarch__arm__core__aarch32__mpu.a(arm_mpu.c.obj)
 .text.arm_core_mpu_configure_static_mpu_regions
                0x000041f4        0x8 zephyr/arch/arch/arm/core/aarch32/mpu/libarch__arm__core__aarch32__mpu.a(arm_mpu.c.obj)
                0x000041f4                arm_core_mpu_configure_static_mpu_regions
 .text.arm_core_mpu_configure_dynamic_mpu_regions
                0x000041fc        0x8 zephyr/arch/arch/arm/core/aarch32/mpu/libarch__arm__core__aarch32__mpu.a(arm_mpu.c.obj)
                0x000041fc                arm_core_mpu_configure_dynamic_mpu_regions
 .text.strncpy  0x00004204       0x34 zephyr/lib/libc/minimal/liblib__libc__minimal.a(string.c.obj)
                0x00004204                strncpy
 .text.strlen   0x00004238       0x10 zephyr/lib/libc/minimal/liblib__libc__minimal.a(string.c.obj)
                0x00004238                strlen
 .text.strnlen  0x00004248       0x14 zephyr/lib/libc/minimal/liblib__libc__minimal.a(string.c.obj)
                0x00004248                strnlen
 .text.strcmp   0x0000425c       0x14 zephyr/lib/libc/minimal/liblib__libc__minimal.a(string.c.obj)
                0x0000425c                strcmp
 .text.memcpy   0x00004270       0x48 zephyr/lib/libc/minimal/liblib__libc__minimal.a(string.c.obj)
                0x00004270                memcpy
 .text.memset   0x000042b8       0x3a zephyr/lib/libc/minimal/liblib__libc__minimal.a(string.c.obj)
                0x000042b8                memset
 .text.nordicsemi_nrf52_init
                0x000042f2       0x1c zephyr/soc/arm/nordic_nrf/nrf52/libsoc__arm__nordic_nrf__nrf52.a(soc.c.obj)
 .text.pm_power_state_set
                0x0000430e       0x26 zephyr/soc/arm/nordic_nrf/nrf52/libsoc__arm__nordic_nrf__nrf52.a(power.c.obj)
                0x0000430e                pm_power_state_set
 .text.pm_power_state_exit_post_ops
                0x00004334       0x16 zephyr/soc/arm/nordic_nrf/nrf52/libsoc__arm__nordic_nrf__nrf52.a(power.c.obj)
                0x00004334                pm_power_state_exit_post_ops
 .text.get_sub_data
                0x0000434a        0xe zephyr/drivers/clock_control/libdrivers__clock_control.a(clock_control_nrf.c.obj)
 .text.get_sub_config
                0x00004358        0x8 zephyr/drivers/clock_control/libdrivers__clock_control.a(clock_control_nrf.c.obj)
 .text.get_onoff_manager
                0x00004360        0xc zephyr/drivers/clock_control/libdrivers__clock_control.a(clock_control_nrf.c.obj)
 .text.get_status
                0x0000436c       0x10 zephyr/drivers/clock_control/libdrivers__clock_control.a(clock_control_nrf.c.obj)
 .text.set_off_state
                0x0000437c       0x32 zephyr/drivers/clock_control/libdrivers__clock_control.a(clock_control_nrf.c.obj)
 .text.set_starting_state
                0x000043ae       0x40 zephyr/drivers/clock_control/libdrivers__clock_control.a(clock_control_nrf.c.obj)
 .text.set_on_state
                0x000043ee       0x26 zephyr/drivers/clock_control/libdrivers__clock_control.a(clock_control_nrf.c.obj)
 .text.clkstarted_handle
                0x00004414       0x24 zephyr/drivers/clock_control/libdrivers__clock_control.a(clock_control_nrf.c.obj)
 .text.stop     0x00004438       0x2a zephyr/drivers/clock_control/libdrivers__clock_control.a(clock_control_nrf.c.obj)
 .text.api_stop
                0x00004462        0xa zephyr/drivers/clock_control/libdrivers__clock_control.a(clock_control_nrf.c.obj)
 .text.async_start
                0x0000446c       0x38 zephyr/drivers/clock_control/libdrivers__clock_control.a(clock_control_nrf.c.obj)
 .text.api_start
                0x000044a4       0x10 zephyr/drivers/clock_control/libdrivers__clock_control.a(clock_control_nrf.c.obj)
 .text.onoff_started_callback
                0x000044b4       0x10 zephyr/drivers/clock_control/libdrivers__clock_control.a(clock_control_nrf.c.obj)
 .text.hfclk_start
                0x000044c4        0xa zephyr/drivers/clock_control/libdrivers__clock_control.a(clock_control_nrf.c.obj)
 .text.lfclk_start
                0x000044ce        0xa zephyr/drivers/clock_control/libdrivers__clock_control.a(clock_control_nrf.c.obj)
 .text.hfclk_stop
                0x000044d8        0xa zephyr/drivers/clock_control/libdrivers__clock_control.a(clock_control_nrf.c.obj)
 .text.lfclk_stop
                0x000044e2        0xa zephyr/drivers/clock_control/libdrivers__clock_control.a(clock_control_nrf.c.obj)
 .text.blocking_start_callback
                0x000044ec        0xa zephyr/drivers/clock_control/libdrivers__clock_control.a(clock_control_nrf.c.obj)
 .text.uarte_nrfx_pins_configure
                0x000044f6      0x12c zephyr/drivers/serial/libdrivers__serial.a(uart_nrfx_uarte.c.obj)
 .text.endtx_isr
                0x00004622       0x32 zephyr/drivers/serial/libdrivers__serial.a(uart_nrfx_uarte.c.obj)
 .text.uarte_nrfx_configure
                0x00004654       0xa6 zephyr/drivers/serial/libdrivers__serial.a(uart_nrfx_uarte.c.obj)
 .text.uarte_nrfx_config_get
                0x000046fa       0x10 zephyr/drivers/serial/libdrivers__serial.a(uart_nrfx_uarte.c.obj)
 .text.uarte_nrfx_err_check
                0x0000470a        0xe zephyr/drivers/serial/libdrivers__serial.a(uart_nrfx_uarte.c.obj)
 .text.is_tx_ready
                0x00004718       0x28 zephyr/drivers/serial/libdrivers__serial.a(uart_nrfx_uarte.c.obj)
 .text.uarte_enable
                0x00004740       0x1c zephyr/drivers/serial/libdrivers__serial.a(uart_nrfx_uarte.c.obj)
 .text.tx_start
                0x0000475c       0x40 zephyr/drivers/serial/libdrivers__serial.a(uart_nrfx_uarte.c.obj)
 .text.uart_disable
                0x0000479c        0xc zephyr/drivers/serial/libdrivers__serial.a(uart_nrfx_uarte.c.obj)
 .text.uarte_nrfx_rx_counting_init
                0x000047a8        0xe zephyr/drivers/serial/libdrivers__serial.a(uart_nrfx_uarte.c.obj)
 .text.start_tx_locked
                0x000047b6       0x36 zephyr/drivers/serial/libdrivers__serial.a(uart_nrfx_uarte.c.obj)
 .text.user_callback
                0x000047ec       0x10 zephyr/drivers/serial/libdrivers__serial.a(uart_nrfx_uarte.c.obj)
 .text.notify_uart_rx_rdy
                0x000047fc       0x30 zephyr/drivers/serial/libdrivers__serial.a(uart_nrfx_uarte.c.obj)
 .text.notify_rx_buf_release
                0x0000482c       0x32 zephyr/drivers/serial/libdrivers__serial.a(uart_nrfx_uarte.c.obj)
 .text.notify_rx_disable
                0x0000485e       0x22 zephyr/drivers/serial/libdrivers__serial.a(uart_nrfx_uarte.c.obj)
 .text.uarte_nrfx_rx_buf_rsp
                0x00004880       0x56 zephyr/drivers/serial/libdrivers__serial.a(uart_nrfx_uarte.c.obj)
 .text.uarte_nrfx_callback_set
                0x000048d6       0x16 zephyr/drivers/serial/libdrivers__serial.a(uart_nrfx_uarte.c.obj)
 .text.uarte_nrfx_poll_in
                0x000048ec       0x30 zephyr/drivers/serial/libdrivers__serial.a(uart_nrfx_uarte.c.obj)
 .text.wait_tx_ready
                0x0000491c       0x4e zephyr/drivers/serial/libdrivers__serial.a(uart_nrfx_uarte.c.obj)
 .text.uarte_nrfx_rx_disable
                0x0000496a       0x44 zephyr/drivers/serial/libdrivers__serial.a(uart_nrfx_uarte.c.obj)
 .text.error_isr
                0x000049ae       0x5c zephyr/drivers/serial/libdrivers__serial.a(uart_nrfx_uarte.c.obj)
 .text.uarte_nrfx_tx_abort
                0x00004a0a       0x2a zephyr/drivers/serial/libdrivers__serial.a(uart_nrfx_uarte.c.obj)
 .text.tx_timeout
                0x00004a34        0xc zephyr/drivers/serial/libdrivers__serial.a(uart_nrfx_uarte.c.obj)
 .text.endrx_isr
                0x00004a40       0xbc zephyr/drivers/serial/libdrivers__serial.a(uart_nrfx_uarte.c.obj)
 .text.rx_timeout
                0x00004afc       0xa0 zephyr/drivers/serial/libdrivers__serial.a(uart_nrfx_uarte.c.obj)
 .text.setup_tx_cache
                0x00004b9c       0x32 zephyr/drivers/serial/libdrivers__serial.a(uart_nrfx_uarte.c.obj)
 .text.uarte_instance_init
                0x00004bce       0xae zephyr/drivers/serial/libdrivers__serial.a(uart_nrfx_uarte.c.obj)
 .text.uarte_0_init
                0x00004c7c       0x1e zephyr/drivers/serial/libdrivers__serial.a(uart_nrfx_uarte.c.obj)
 .text.rx_flush
                0x00004c9a       0x7e zephyr/drivers/serial/libdrivers__serial.a(uart_nrfx_uarte.c.obj)
 .text.async_uart_release
                0x00004d18       0x52 zephyr/drivers/serial/libdrivers__serial.a(uart_nrfx_uarte.c.obj)
 .text.txstopped_isr
                0x00004d6a      0x122 zephyr/drivers/serial/libdrivers__serial.a(uart_nrfx_uarte.c.obj)
 .text.rxto_isr
                0x00004e8c       0x52 zephyr/drivers/serial/libdrivers__serial.a(uart_nrfx_uarte.c.obj)
 .text.uarte_nrfx_isr_async
                0x00004ede       0xc8 zephyr/drivers/serial/libdrivers__serial.a(uart_nrfx_uarte.c.obj)
 .text.sys_clock_idle_exit
                0x00004fa6        0x2 zephyr/drivers/timer/libdrivers__timer.a(sys_clock_init.c.obj)
                0x00004fa6                sys_clock_idle_exit
 .text.counter_sub
                0x00004fa8        0x8 zephyr/drivers/timer/libdrivers__timer.a(nrf_rtc_timer.c.obj)
 .text.event_clear
                0x00004fb0       0x18 zephyr/drivers/timer/libdrivers__timer.a(nrf_rtc_timer.c.obj)
 .text.absolute_time_to_cc
                0x00004fc8        0x6 zephyr/drivers/timer/libdrivers__timer.a(nrf_rtc_timer.c.obj)
 .text.full_int_lock
                0x00004fce       0x12 zephyr/drivers/timer/libdrivers__timer.a(nrf_rtc_timer.c.obj)
 .text.full_int_unlock
                0x00004fe0        0xa zephyr/drivers/timer/libdrivers__timer.a(nrf_rtc_timer.c.obj)
 .text.set_absolute_alarm
                0x00004fea       0x76 zephyr/drivers/timer/libdrivers__timer.a(nrf_rtc_timer.c.obj)
 .text.compare_set
                0x00005060       0x32 zephyr/drivers/timer/libdrivers__timer.a(nrf_rtc_timer.c.obj)
 .text.k_sys_fatal_error_handler
                0x00005092        0x8 modules/nrf/lib/fatal_error/lib..__nrf__lib__fatal_error.a(fatal_error.c.obj)
                0x00005092                k_sys_fatal_error_handler
 .text.nrfx_isr
                0x0000509a        0x6 modules/hal_nordic/nrfx/libmodules__hal_nordic__nrfx.a(nrfx_glue.c.obj)
                0x0000509a                nrfx_isr
 .text.nrfx_busy_wait
                0x000050a0        0x8 modules/hal_nordic/nrfx/libmodules__hal_nordic__nrfx.a(nrfx_glue.c.obj)
                0x000050a0                nrfx_busy_wait
 .text.nrfx_clock_enable
                0x000050a8       0x12 modules/hal_nordic/nrfx/libmodules__hal_nordic__nrfx.a(nrfx_clock.c.obj)
                0x000050a8                nrfx_clock_enable
 .text.z_device_ready
                0x000050ba       0x1a zephyr/kernel/libkernel.a(device.c.obj)
                0x000050ba                z_device_ready
 .text.z_fatal_error
                0x000050d4       0x34 zephyr/kernel/libkernel.a(fatal.c.obj)
                0x000050d4                z_fatal_error
 .text.setup_thread_stack
                0x00005108       0x24 zephyr/kernel/libkernel.a(thread.c.obj)
 .text.k_is_in_isr
                0x0000512c        0xc zephyr/kernel/libkernel.a(thread.c.obj)
                0x0000512c                k_is_in_isr
 .text.z_impl_k_thread_start
                0x00005138        0x8 zephyr/kernel/libkernel.a(thread.c.obj)
                0x00005138                z_impl_k_thread_start
 .text.z_init_thread_base
                0x00005140       0x16 zephyr/kernel/libkernel.a(thread.c.obj)
                0x00005140                z_init_thread_base
 .text.z_pm_save_idle_exit
                0x00005156        0xc zephyr/kernel/libkernel.a(idle.c.obj)
                0x00005156                z_pm_save_idle_exit
 .text.thread_active_elsewhere
                0x00005162        0x4 zephyr/kernel/libkernel.a(sched.c.obj)
 .text.pended_on_thread
                0x00005166        0x4 zephyr/kernel/libkernel.a(sched.c.obj)
 .text.z_sched_prio_cmp
                0x0000516a       0x14 zephyr/kernel/libkernel.a(sched.c.obj)
                0x0000516a                z_sched_prio_cmp
 .text.z_unpend_thread_no_timeout
                0x0000517e       0x3e zephyr/kernel/libkernel.a(sched.c.obj)
                0x0000517e                z_unpend_thread_no_timeout
 .text.z_reschedule_irqlock
                0x000051bc       0x2a zephyr/kernel/libkernel.a(sched.c.obj)
                0x000051bc                z_reschedule_irqlock
 .text.z_priq_dumb_remove
                0x000051e6       0x10 zephyr/kernel/libkernel.a(sched.c.obj)
                0x000051e6                z_priq_dumb_remove
 .text.z_priq_dumb_best
                0x000051f6        0xe zephyr/kernel/libkernel.a(sched.c.obj)
                0x000051f6                z_priq_dumb_best
 .text.z_ready_thread
                0x00005204       0x38 zephyr/kernel/libkernel.a(sched.c.obj)
                0x00005204                z_ready_thread
 .text.z_thread_timeout
                0x0000523c       0x68 zephyr/kernel/libkernel.a(sched.c.obj)
                0x0000523c                z_thread_timeout
 .text.add_to_waitq_locked
                0x000052a4       0x54 zephyr/kernel/libkernel.a(sched.c.obj)
 .text.pend     0x000052f8       0x42 zephyr/kernel/libkernel.a(sched.c.obj)
 .text.z_unpend1_no_timeout
                0x0000533a       0x4e zephyr/kernel/libkernel.a(sched.c.obj)
                0x0000533a                z_unpend1_no_timeout
 .text.z_unpend_first_thread
                0x00005388       0x56 zephyr/kernel/libkernel.a(sched.c.obj)
                0x00005388                z_unpend_first_thread
 .text.init_ready_q
                0x000053de        0x8 zephyr/kernel/libkernel.a(sched.c.obj)
                0x000053de                init_ready_q
 .text.remove_timeout
                0x000053e6       0x2e zephyr/kernel/libkernel.a(timeout.c.obj)
 .text.z_abort_timeout
                0x00005414       0x3c zephyr/kernel/libkernel.a(timeout.c.obj)
                0x00005414                z_abort_timeout
 .text.z_get_next_timeout_expiry
                0x00005450       0x2c zephyr/kernel/libkernel.a(timeout.c.obj)
                0x00005450                z_get_next_timeout_expiry
 .text.z_set_timeout_expiry
                0x0000547c       0x56 zephyr/kernel/libkernel.a(timeout.c.obj)
                0x0000547c                z_set_timeout_expiry
 .text.sys_clock_tick_get_32
                0x000054d2        0x8 zephyr/kernel/libkernel.a(timeout.c.obj)
                0x000054d2                sys_clock_tick_get_32
 .text.z_impl_k_busy_wait
                0x000054da        0xc zephyr/kernel/libkernel.a(timeout.c.obj)
                0x000054da                z_impl_k_busy_wait
 .text.k_timer_init
                0x000054e6       0x18 zephyr/kernel/libkernel.a(timer.c.obj)
                0x000054e6                k_timer_init
 .text.z_impl_k_timer_stop
                0x000054fe       0x36 zephyr/kernel/libkernel.a(timer.c.obj)
                0x000054fe                z_impl_k_timer_stop
 .text.boot_banner
                0x00005534        0x2 zephyr/kernel/libkernel.a(banner.c.obj)
                0x00005534                boot_banner
 .text._OffsetAbsSyms
                0x00005536        0x2 zephyr/CMakeFiles/offsets.dir/./arch/arm/core/offsets/offsets.c.obj
                0x00005536                _OffsetAbsSyms
 *(SORT_BY_ALIGNMENT(.TEXT.*))
 .TEXT.z_arm_platform_init
                0x00005538        0x4 zephyr/libzephyr.a(soc_nrf_common.S.obj)
                0x00005538                z_arm_platform_init
 *(SORT_BY_ALIGNMENT(.gnu.linkonce.t.*))
 *(SORT_BY_ALIGNMENT(.glue_7t))
 .glue_7t       0x0000553c        0x0 linker stubs
 *(SORT_BY_ALIGNMENT(.glue_7))
 .glue_7        0x0000553c        0x0 linker stubs
 *(SORT_BY_ALIGNMENT(.vfp11_veneer))
 .vfp11_veneer  0x0000553c        0x0 linker stubs
 *(SORT_BY_ALIGNMENT(.v4_bx))
 .v4_bx         0x0000553c        0x0 linker stubs
                0x0000553c                __text_region_end = .

.ARM.exidx      0x0000553c        0x8
                0x0000553c                __exidx_start = .
 *(SORT_BY_ALIGNMENT(.ARM.exidx*) SORT_BY_ALIGNMENT(gnu.linkonce.armexidx.*))
 .ARM.exidx     0x0000553c        0x8 c:/users/thomas/ncs/v1.9.1/toolchain/opt/bin/../lib/gcc/arm-none-eabi/9.2.1/thumb/v7e-m/nofp\libgcc.a(_udivmoddi4.o)
                0x00005544                __exidx_end = .
                0x00005544                __rodata_region_start = .

initlevel       0x00005544       0x20
                0x00005544                __init_start = .
                0x00005544                __init_PRE_KERNEL_1_start = .
 *(SORT_BY_NAME(SORT_BY_ALIGNMENT(.z_init_PRE_KERNEL_1[0-9]_*)))
 .z_init_PRE_KERNEL_10_
                0x00005544        0x8 zephyr/soc/arm/nordic_nrf/nrf52/libsoc__arm__nordic_nrf__nrf52.a(soc.c.obj)
 *(SORT_BY_NAME(SORT_BY_ALIGNMENT(.z_init_PRE_KERNEL_1[1-9][0-9]_*)))
 .z_init_PRE_KERNEL_130_
                0x0000554c        0x8 zephyr/drivers/clock_control/libdrivers__clock_control.a(clock_control_nrf.c.obj)
 .z_init_PRE_KERNEL_155_
                0x00005554        0x8 zephyr/drivers/serial/libdrivers__serial.a(uart_nrfx_uarte.c.obj)
                0x0000555c                __init_PRE_KERNEL_2_start = .
 *(SORT_BY_NAME(SORT_BY_ALIGNMENT(.z_init_PRE_KERNEL_2[0-9]_*)))
 .z_init_PRE_KERNEL_20_
                0x0000555c        0x8 zephyr/drivers/timer/libdrivers__timer.a(nrf_rtc_timer.c.obj)
 *(SORT_BY_NAME(SORT_BY_ALIGNMENT(.z_init_PRE_KERNEL_2[1-9][0-9]_*)))
                0x00005564                __init_POST_KERNEL_start = .
 *(SORT_BY_NAME(SORT_BY_ALIGNMENT(.z_init_POST_KERNEL[0-9]_*)))
 *(SORT_BY_NAME(SORT_BY_ALIGNMENT(.z_init_POST_KERNEL[1-9][0-9]_*)))
                0x00005564                __init_APPLICATION_start = .
 *(SORT_BY_NAME(SORT_BY_ALIGNMENT(.z_init_APPLICATION[0-9]_*)))
 *(SORT_BY_NAME(SORT_BY_ALIGNMENT(.z_init_APPLICATION[1-9][0-9]_*)))
                0x00005564                __init_SMP_start = .
 *(SORT_BY_NAME(SORT_BY_ALIGNMENT(.z_init_SMP[0-9]_*)))
 *(SORT_BY_NAME(SORT_BY_ALIGNMENT(.z_init_SMP[1-9][0-9]_*)))
                0x00005564                __init_end = .

devices         0x00005564       0x30
                0x00005564                __device_start = .
                0x00005564                __device_PRE_KERNEL_1_start = .
 *(SORT_BY_NAME(SORT_BY_ALIGNMENT(.z_device_PRE_KERNEL_1[0-9]_*)))
 *(SORT_BY_NAME(SORT_BY_ALIGNMENT(.z_device_PRE_KERNEL_1[1-9][0-9]_*)))
 .z_device_PRE_KERNEL_130_
                0x00005564       0x18 zephyr/drivers/clock_control/libdrivers__clock_control.a(clock_control_nrf.c.obj)
                0x00005564                __device_dts_ord_11
 .z_device_PRE_KERNEL_155_
                0x0000557c       0x18 zephyr/drivers/serial/libdrivers__serial.a(uart_nrfx_uarte.c.obj)
                0x0000557c                __device_dts_ord_33
                0x00005594                __device_PRE_KERNEL_2_start = .
 *(SORT_BY_NAME(SORT_BY_ALIGNMENT(.z_device_PRE_KERNEL_2[0-9]_*)))
 *(SORT_BY_NAME(SORT_BY_ALIGNMENT(.z_device_PRE_KERNEL_2[1-9][0-9]_*)))
                0x00005594                __device_POST_KERNEL_start = .
 *(SORT_BY_NAME(SORT_BY_ALIGNMENT(.z_device_POST_KERNEL[0-9]_*)))
 *(SORT_BY_NAME(SORT_BY_ALIGNMENT(.z_device_POST_KERNEL[1-9][0-9]_*)))
                0x00005594                __device_APPLICATION_start = .
 *(SORT_BY_NAME(SORT_BY_ALIGNMENT(.z_device_APPLICATION[0-9]_*)))
 *(SORT_BY_NAME(SORT_BY_ALIGNMENT(.z_device_APPLICATION[1-9][0-9]_*)))
                0x00005594                __device_SMP_start = .
 *(SORT_BY_NAME(SORT_BY_ALIGNMENT(.z_device_SMP[0-9]_*)))
 *(SORT_BY_NAME(SORT_BY_ALIGNMENT(.z_device_SMP[1-9][0-9]_*)))
                0x00005594                __device_end = .

sw_isr_table    0x00005594       0xf0
                0x00005594                . = ALIGN (0x0)
 *(SORT_BY_ALIGNMENT(.gnu.linkonce.sw_isr_table*))
 .gnu.linkonce.sw_isr_table
                0x00005594       0xf0 zephyr/arch/common/libisr_tables.a(isr_tables.c.obj)
                0x00005594                _sw_isr_table

initlevel_error
                0x00005544        0x0
 *(SORT_BY_NAME(SORT_BY_ALIGNMENT(.z_init_[_A-Z0-9]*)))
                0x00000001                ASSERT ((SIZEOF (initlevel_error) == 0x0), Undefined initialization levels used.)

app_shmem_regions
                0x00005684        0x0
                0x00005684                __app_shmem_regions_start = .
 *(SORT_BY_NAME(SORT_BY_ALIGNMENT(.app_regions.*)))
                0x00005684                __app_shmem_regions_end = .

bt_l2cap_fixed_chan_area
                0x00005684        0x0
                0x00005684                _bt_l2cap_fixed_chan_list_start = .
 *(SORT_BY_NAME(SORT_BY_ALIGNMENT(._bt_l2cap_fixed_chan.static.*)))
                0x00005684                _bt_l2cap_fixed_chan_list_end = .

bt_gatt_service_static_area
                0x00005684        0x0
                0x00005684                _bt_gatt_service_static_list_start = .
 *(SORT_BY_NAME(SORT_BY_ALIGNMENT(._bt_gatt_service_static.static.*)))
                0x00005684                _bt_gatt_service_static_list_end = .

k_p4wq_initparam_area
                0x00005684        0x0
                0x00005684                _k_p4wq_initparam_list_start = .
 *(SORT_BY_NAME(SORT_BY_ALIGNMENT(._k_p4wq_initparam.static.*)))
                0x00005684                _k_p4wq_initparam_list_end = .

log_strings_sections
                0x00005684        0x0
                0x00005684                __log_strings_start = .
 *(SORT_BY_NAME(SORT_BY_ALIGNMENT(.log_strings*)))
                0x00005684                __log_strings_end = .

log_const_sections
                0x00005684        0x0
                0x00005684                __log_const_start = .
 *(SORT_BY_NAME(SORT_BY_ALIGNMENT(.log_const_*)))
                0x00005684                __log_const_end = .

log_backends_sections
                0x00005684        0x0
                0x00005684                __log_backends_start = .
 *(SORT_BY_ALIGNMENT(._log_backend.*))
                0x00005684                __log_backends_end = .

shell_area      0x00005684        0x0
                0x00005684                _shell_list_start = .
 *(SORT_BY_NAME(SORT_BY_ALIGNMENT(._shell.static.*)))
                0x00005684                _shell_list_end = .

shell_root_cmds_sections
                0x00005684        0x0
                0x00005684                __shell_root_cmds_start = .
 *(SORT_BY_NAME(SORT_BY_ALIGNMENT(.shell_root_cmd_*)))
                0x00005684                __shell_root_cmds_end = .

font_entry_sections
                0x00005684        0x0
                0x00005684                __font_entry_start = .
 *(SORT_BY_NAME(SORT_BY_ALIGNMENT(._cfb_font.*)))
                0x00005684                __font_entry_end = .

tracing_backend_area
                0x00005684        0x0
                0x00005684                _tracing_backend_list_start = .
 *(SORT_BY_NAME(SORT_BY_ALIGNMENT(._tracing_backend.static.*)))
                0x00005684                _tracing_backend_list_end = .

zephyr_dbg_info
                0x00005684       0x3c
 *(SORT_BY_ALIGNMENT(.dbg_thread_info))
 .dbg_thread_info
                0x00005684       0x3c zephyr/libzephyr.a(thread_info.c.obj)
                0x00005684                _kernel_openocd_size_t_size
                0x00005684                _kernel_thread_info_size_t_size
                0x00005688                _kernel_openocd_num_offsets
                0x00005688                _kernel_thread_info_num_offsets
                0x0000568c                _kernel_openocd_offsets
                0x0000568c                _kernel_thread_info_offsets

device_handles  0x000056c0       0x14
                0x000056c0                __device_handles_start = .
 *(SORT_BY_NAME(SORT_BY_ALIGNMENT(.__device_handles_pass1*)))
 .__device_handles_pass1
                0x000056c0        0xa zephyr/drivers/clock_control/libdrivers__clock_control.a(clock_control_nrf.c.obj)
                0x000056c0                __devicehdl_DT_N_S_soc_S_clock_40000000
 .__device_handles_pass1
                0x000056ca        0xa zephyr/drivers/serial/libdrivers__serial.a(uart_nrfx_uarte.c.obj)
                0x000056ca                __devicehdl_DT_N_S_soc_S_uart_40002000
                0x000056d4                __device_handles_end = .

rodata          0x000056e0      0x130
 *(SORT_BY_ALIGNMENT(.rodata))
 *(SORT_BY_ALIGNMENT(.rodata.*))
 .rodata.delay_machine_code.11072
                0x000056e0        0x6 zephyr/soc/arm/nordic_nrf/nrf52/libsoc__arm__nordic_nrf__nrf52.a(soc.c.obj)
 *fill*         0x000056e6        0x2 
 .rodata.main.str1.4
                0x000056e8       0x1e app/libapp.a(main.c.obj)
 *fill*         0x00005706        0x2 
 .rodata.uart_init.str1.4
                0x00005708        0x7 app/libapp.a(myuart.c.obj)
 *fill*         0x0000570f        0x1 
 .rodata.cbvprintf.str1.4
                0x00005710        0x6 zephyr/libzephyr.a(cbprintf_complete.c.obj)
 *fill*         0x00005716        0x2 
 .rodata.static_regions
                0x00005718        0xc zephyr/arch/arch/arm/core/aarch32/mpu/libarch__arm__core__aarch32__mpu.a(arm_core_mpu.c.obj)
 .rodata.str1.4
                0x00005724        0xf zephyr/soc/arm/common/cortex_m/libsoc__arm__common__cortex_m.a(arm_mpu_regions.c.obj)
 *fill*         0x00005733        0x1 
 .rodata.mpu_config
                0x00005734        0x8 zephyr/soc/arm/common/cortex_m/libsoc__arm__common__cortex_m.a(arm_mpu_regions.c.obj)
                0x00005734                mpu_config
 .rodata.mpu_regions
                0x0000573c       0x18 zephyr/soc/arm/common/cortex_m/libsoc__arm__common__cortex_m.a(arm_mpu_regions.c.obj)
 .rodata.str1.4
                0x00005754        0x6 zephyr/drivers/clock_control/libdrivers__clock_control.a(clock_control_nrf.c.obj)
 *fill*         0x0000575a        0x2 
 .rodata.clock_control_api
                0x0000575c       0x18 zephyr/drivers/clock_control/libdrivers__clock_control.a(clock_control_nrf.c.obj)
 .rodata.config
                0x00005774       0x10 zephyr/drivers/clock_control/libdrivers__clock_control.a(clock_control_nrf.c.obj)
 .rodata.transitions.10672
                0x00005784        0xc zephyr/drivers/clock_control/libdrivers__clock_control.a(clock_control_nrf.c.obj)
 .rodata.str1.4
                0x00005790        0x7 zephyr/drivers/serial/libdrivers__serial.a(uart_nrfx_uarte.c.obj)
 .rodata.uart_nrfx_uarte_driver_api
                0x00005790       0x2c zephyr/drivers/serial/libdrivers__serial.a(uart_nrfx_uarte.c.obj)
 .rodata.uarte_0z_config
                0x000057bc       0x28 zephyr/drivers/serial/libdrivers__serial.a(uart_nrfx_uarte.c.obj)
 .rodata.levels.8941
                0x000057e4       0x14 zephyr/kernel/libkernel.a(device.c.obj)
 .rodata._k_neg_eagain
                0x000057f8        0x4 zephyr/kernel/libkernel.a(errno.c.obj)
                0x000057f8                _k_neg_eagain
 .rodata.init_idle_thread.str1.4
                0x000057fc        0xa zephyr/kernel/libkernel.a(init.c.obj)
 *fill*         0x00005806        0x2 
 .rodata.prepare_multithreading.str1.4
                0x00005808        0x5 zephyr/kernel/libkernel.a(init.c.obj)
 *(SORT_BY_ALIGNMENT(.gnu.linkonce.r.*))
                0x00005810                . = ALIGN (0x4)
 *fill*         0x0000580d        0x3 
                0x00005810                __rodata_region_end = .
                0x00005820                . = ALIGN (_region_min_align)
                0x00008000                . = ALIGN ((0x1 << ((__rodata_region_end - __rom_region_start) <= 0x4)?0x2:((__rodata_region_end - __rom_region_start) <= 0x8)?0x3:((__rodata_region_end - __rom_region_start) <= 0x10)?0x4:((__rodata_region_end - __rom_region_start) <= 0x20)?0x5:((__rodata_region_end - __rom_region_start) <= 0x40)?0x6:((__rodata_region_end - __rom_region_start) <= 0x80)?0x7:((__rodata_region_end - __rom_region_start) <= 0x100)?0x8:((__rodata_region_end - __rom_region_start) <= 0x200)?0x9:((__rodata_region_end - __rom_region_start) <= 0x400)?0xa:((__rodata_region_end - __rom_region_start) <= 0x800)?0xb:((__rodata_region_end - __rom_region_start) <= 0x1000)?0xc:((__rodata_region_end - __rom_region_start) <= 0x2000)?0xd:((__rodata_region_end - __rom_region_start) <= 0x4000)?0xe:((__rodata_region_end - __rom_region_start) <= 0x8000)?0xf:((__rodata_region_end - __rom_region_start) <= 0x10000)?0x10:((__rodata_region_end - __rom_region_start) <= 0x20000)?0x11:((__rodata_region_end - __rom_region_start) <= 0x40000)?0x12:((__rodata_region_end - __rom_region_start) <= 0x80000)?0x13:((__rodata_region_end - __rom_region_start) <= 0x100000)?0x14:((__rodata_region_end - __rom_region_start) <= 0x200000)?0x15:((__rodata_region_end - __rom_region_start) <= 0x400000)?0x16:((__rodata_region_end - __rom_region_start) <= 0x800000)?0x17:((__rodata_region_end - __rom_region_start) <= 0x1000000)?0x18:((__rodata_region_end - __rom_region_start) <= 0x2000000)?0x19:((__rodata_region_end - __rom_region_start) <= 0x4000000)?0x1a:((__rodata_region_end - __rom_region_start) <= 0x8000000)?0x1b:((__rodata_region_end - __rom_region_start) <= 0x10000000)?0x1c:((__rodata_region_end - __rom_region_start) <= 0x20000000)?0x1d:((__rodata_region_end - __rom_region_start) <= 0x40000000)?0x1e:((__rodata_region_end - __rom_region_start) <= 0x80000000)?0x1f:0x20))
                0x00008000                __rom_region_end = .
                0x20000000                . = 0x20000000
                0x20000000                . = ALIGN (_region_min_align)
                0x20000000                _image_ram_start = .

.ramfunc        0x20000000        0x0 load address 0x00005810
                0x20000000                . = ALIGN (_region_min_align)
                0x20000000                . = ALIGN ((0x1 << (__ramfunc_size <= 0x4)?0x2:(__ramfunc_size <= 0x8)?0x3:(__ramfunc_size <= 0x10)?0x4:(__ramfunc_size <= 0x20)?0x5:(__ramfunc_size <= 0x40)?0x6:(__ramfunc_size <= 0x80)?0x7:(__ramfunc_size <= 0x100)?0x8:(__ramfunc_size <= 0x200)?0x9:(__ramfunc_size <= 0x400)?0xa:(__ramfunc_size <= 0x800)?0xb:(__ramfunc_size <= 0x1000)?0xc:(__ramfunc_size <= 0x2000)?0xd:(__ramfunc_size <= 0x4000)?0xe:(__ramfunc_size <= 0x8000)?0xf:(__ramfunc_size <= 0x10000)?0x10:(__ramfunc_size <= 0x20000)?0x11:(__ramfunc_size <= 0x40000)?0x12:(__ramfunc_size <= 0x80000)?0x13:(__ramfunc_size <= 0x100000)?0x14:(__ramfunc_size <= 0x200000)?0x15:(__ramfunc_size <= 0x400000)?0x16:(__ramfunc_size <= 0x800000)?0x17:(__ramfunc_size <= 0x1000000)?0x18:(__ramfunc_size <= 0x2000000)?0x19:(__ramfunc_size <= 0x4000000)?0x1a:(__ramfunc_size <= 0x8000000)?0x1b:(__ramfunc_size <= 0x10000000)?0x1c:(__ramfunc_size <= 0x20000000)?0x1d:(__ramfunc_size <= 0x40000000)?0x1e:(__ramfunc_size <= 0x80000000)?0x1f:0x20))
                0x20000000                __ramfunc_start = .
 *(SORT_BY_ALIGNMENT(.ramfunc))
 *(SORT_BY_ALIGNMENT(.ramfunc.*))
                0x20000000                . = ALIGN (_region_min_align)
                0x20000000                . = ALIGN ((0x1 << (__ramfunc_size <= 0x4)?0x2:(__ramfunc_size <= 0x8)?0x3:(__ramfunc_size <= 0x10)?0x4:(__ramfunc_size <= 0x20)?0x5:(__ramfunc_size <= 0x40)?0x6:(__ramfunc_size <= 0x80)?0x7:(__ramfunc_size <= 0x100)?0x8:(__ramfunc_size <= 0x200)?0x9:(__ramfunc_size <= 0x400)?0xa:(__ramfunc_size <= 0x800)?0xb:(__ramfunc_size <= 0x1000)?0xc:(__ramfunc_size <= 0x2000)?0xd:(__ramfunc_size <= 0x4000)?0xe:(__ramfunc_size <= 0x8000)?0xf:(__ramfunc_size <= 0x10000)?0x10:(__ramfunc_size <= 0x20000)?0x11:(__ramfunc_size <= 0x40000)?0x12:(__ramfunc_size <= 0x80000)?0x13:(__ramfunc_size <= 0x100000)?0x14:(__ramfunc_size <= 0x200000)?0x15:(__ramfunc_size <= 0x400000)?0x16:(__ramfunc_size <= 0x800000)?0x17:(__ramfunc_size <= 0x1000000)?0x18:(__ramfunc_size <= 0x2000000)?0x19:(__ramfunc_size <= 0x4000000)?0x1a:(__ramfunc_size <= 0x8000000)?0x1b:(__ramfunc_size <= 0x10000000)?0x1c:(__ramfunc_size <= 0x20000000)?0x1d:(__ramfunc_size <= 0x40000000)?0x1e:(__ramfunc_size <= 0x80000000)?0x1f:0x20))
                0x20000000                __ramfunc_end = .
                0x00000000                __ramfunc_size = (__ramfunc_end - __ramfunc_start)
                0x00005810                __ramfunc_load_start = LOADADDR (.ramfunc)

datas           0x20000000       0x2c load address 0x00005810
                0x20000000                __data_region_start = .
                0x20000000                __data_start = .
 *(SORT_BY_ALIGNMENT(.data))
 *(SORT_BY_ALIGNMENT(.data.*))
 .data._char_out
                0x20000000        0x4 zephyr/libzephyr.a(printk.c.obj)
                0x20000000                _char_out
 .data.uarte_0_data
                0x20000004       0x18 zephyr/drivers/serial/libdrivers__serial.a(uart_nrfx_uarte.c.obj)
 .data.SystemCoreClock
                0x2000001c        0x4 modules/hal_nordic/nrfx/libmodules__hal_nordic__nrfx.a(system_nrf52811.c.obj)
                0x2000001c                SystemCoreClock
 .data.m_channels_allocated
                0x20000020        0x4 modules/hal_nordic/nrfx/libmodules__hal_nordic__nrfx.a(nrfx_ppi.c.obj)
 .data.timeout_list
                0x20000024        0x8 zephyr/kernel/libkernel.a(timeout.c.obj)
 *(SORT_BY_ALIGNMENT(.kernel.*))
                0x2000002c                __data_end = .
                0x0000002c                __data_size = (__data_end - __data_start)
                0x00005810                __data_load_start = LOADADDR (datas)
                0x00005810                __data_region_load_start = LOADADDR (datas)

device_states   0x2000002c        0x8 load address 0x0000583c
                0x2000002c                __device_states_start = .
 *(SORT_BY_ALIGNMENT(.z_devstate))
 .z_devstate    0x2000002c        0x4 zephyr/drivers/clock_control/libdrivers__clock_control.a(clock_control_nrf.c.obj)
 .z_devstate    0x20000030        0x4 zephyr/drivers/serial/libdrivers__serial.a(uart_nrfx_uarte.c.obj)
 *(SORT_BY_ALIGNMENT(.z_devstate.*))
                0x20000034                __device_states_end = .

initshell       0x20000034        0x0 load address 0x00005844
                0x20000034                __shell_module_start = .
 *(SORT_BY_ALIGNMENT(.shell_module_*))
                0x20000034                __shell_module_end = .
                0x20000034                __shell_cmd_start = .
 *(SORT_BY_ALIGNMENT(.shell_cmd_*))
                0x20000034                __shell_cmd_end = .

log_dynamic_sections
                0x20000034        0x0 load address 0x00005844
                0x20000034                __log_dynamic_start = .
 *(SORT_BY_NAME(SORT_BY_ALIGNMENT(.log_dynamic_*)))
                0x20000034                __log_dynamic_end = .

_static_thread_data_area
                0x20000034        0x0 load address 0x00005844
                0x20000034                __static_thread_data_list_start = .
 *(SORT_BY_NAME(SORT_BY_ALIGNMENT(.__static_thread_data.static.*)))
                0x20000034                __static_thread_data_list_end = .

k_timer_area    0x20000034        0x0 load address 0x00005844
                0x20000034                _k_timer_list_start = .
 *(SORT_BY_NAME(SORT_BY_ALIGNMENT(._k_timer.static.*)))
                0x20000034                _k_timer_list_end = .

k_mem_slab_area
                0x20000034        0x0 load address 0x00005844
                0x20000034                _k_mem_slab_list_start = .
 *(SORT_BY_NAME(SORT_BY_ALIGNMENT(._k_mem_slab.static.*)))
                0x20000034                _k_mem_slab_list_end = .

k_mem_pool_area
                0x20000034        0x0 load address 0x00005844
                0x20000034                _k_mem_pool_list_start = .
 *(SORT_BY_NAME(SORT_BY_ALIGNMENT(._k_mem_pool.static.*)))
                0x20000034                _k_mem_pool_list_end = .

k_heap_area     0x20000034        0x0 load address 0x00005844
                0x20000034                _k_heap_list_start = .
 *(SORT_BY_NAME(SORT_BY_ALIGNMENT(._k_heap.static.*)))
                0x20000034                _k_heap_list_end = .

k_mutex_area    0x20000034        0x0 load address 0x00005844
                0x20000034                _k_mutex_list_start = .
 *(SORT_BY_NAME(SORT_BY_ALIGNMENT(._k_mutex.static.*)))
                0x20000034                _k_mutex_list_end = .

k_stack_area    0x20000034        0x0 load address 0x00005844
                0x20000034                _k_stack_list_start = .
 *(SORT_BY_NAME(SORT_BY_ALIGNMENT(._k_stack.static.*)))
                0x20000034                _k_stack_list_end = .

k_msgq_area     0x20000034        0x0 load address 0x00005844
                0x20000034                _k_msgq_list_start = .
 *(SORT_BY_NAME(SORT_BY_ALIGNMENT(._k_msgq.static.*)))
                0x20000034                _k_msgq_list_end = .

k_mbox_area     0x20000034        0x0 load address 0x00005844
                0x20000034                _k_mbox_list_start = .
 *(SORT_BY_NAME(SORT_BY_ALIGNMENT(._k_mbox.static.*)))
                0x20000034                _k_mbox_list_end = .

k_pipe_area     0x20000034        0x0 load address 0x00005844
                0x20000034                _k_pipe_list_start = .
 *(SORT_BY_NAME(SORT_BY_ALIGNMENT(._k_pipe.static.*)))
                0x20000034                _k_pipe_list_end = .

k_sem_area      0x20000034        0x0 load address 0x00005844
                0x20000034                _k_sem_list_start = .
 *(SORT_BY_NAME(SORT_BY_ALIGNMENT(._k_sem.static.*)))
                0x20000034                _k_sem_list_end = .

k_event_area    0x20000034        0x0 load address 0x00005844
                0x20000034                _k_event_list_start = .
 *(SORT_BY_NAME(SORT_BY_ALIGNMENT(._k_event.static.*)))
                0x20000034                _k_event_list_end = .

k_queue_area    0x20000034        0x0 load address 0x00005844
                0x20000034                _k_queue_list_start = .
 *(SORT_BY_NAME(SORT_BY_ALIGNMENT(._k_queue.static.*)))
                0x20000034                _k_queue_list_end = .

k_condvar_area  0x20000034        0x0 load address 0x00005844
                0x20000034                _k_condvar_list_start = .
 *(SORT_BY_NAME(SORT_BY_ALIGNMENT(._k_condvar.static.*)))
                0x20000034                _k_condvar_list_end = .

_net_buf_pool_area
                0x20000034        0x0 load address 0x00005844
                0x20000034                _net_buf_pool_list = .
 *(SORT_BY_NAME(SORT_BY_ALIGNMENT(._net_buf_pool.static.*)))
                0x20000034                __data_region_end = .

bss             0x20000038      0x362
                0x20000038                . = ALIGN (0x4)
                0x20000038                __bss_start = .
                0x20000038                __kernel_ram_start = .
 *(SORT_BY_ALIGNMENT(.bss))
 *(SORT_BY_ALIGNMENT(.bss.*))
 .bss.uarte0_async
                0x20000038       0xd8 zephyr/drivers/serial/libdrivers__serial.a(uart_nrfx_uarte.c.obj)
                0x20000038                uarte0_async
 .bss.anchor    0x20000110        0x8 zephyr/drivers/timer/libdrivers__timer.a(nrf_rtc_timer.c.obj)
 .bss.cc_data   0x20000118       0x10 zephyr/drivers/timer/libdrivers__timer.a(nrf_rtc_timer.c.obj)
 .bss.last_count
                0x20000128        0x8 zephyr/drivers/timer/libdrivers__timer.a(nrf_rtc_timer.c.obj)
 .bss.z_idle_threads
                0x20000130       0xb0 zephyr/kernel/libkernel.a(init.c.obj)
                0x20000130                z_idle_threads
 .bss.z_main_thread
                0x200001e0       0xb0 zephyr/kernel/libkernel.a(init.c.obj)
                0x200001e0                z_main_thread
 .bss.curr_tick
                0x20000290        0x8 zephyr/kernel/libkernel.a(timeout.c.obj)
 .bss.rx.9442   0x20000298       0x1c app/libapp.a(myuart.c.obj)
 .bss.uart      0x200002b4        0x4 app/libapp.a(myuart.c.obj)
                0x200002b4                uart
 .bss.pm_notifiers
                0x200002b8        0x8 zephyr/libzephyr.a(pm.c.obj)
 .bss.z_post_ops_required
                0x200002c0        0x4 zephyr/libzephyr.a(pm.c.obj)
 .bss.z_power_states
                0x200002c4        0xc zephyr/libzephyr.a(pm.c.obj)
 .bss.z_power_states_forced
                0x200002d0        0x4 zephyr/libzephyr.a(pm.c.obj)
 .bss.dynamic_regions.9495
                0x200002d4        0xc zephyr/arch/arch/arm/core/aarch32/mpu/libarch__arm__core__aarch32__mpu.a(arm_core_mpu.c.obj)
 .bss.cli.10646
                0x200002e0       0x10 zephyr/drivers/clock_control/libdrivers__clock_control.a(clock_control_nrf.c.obj)
 .bss.data      0x200002f0       0x50 zephyr/drivers/clock_control/libdrivers__clock_control.a(clock_control_nrf.c.obj)
 .bss.hfclk_users
                0x20000340        0x4 zephyr/drivers/clock_control/libdrivers__clock_control.a(clock_control_nrf.c.obj)
 .bss.on.10645  0x20000344        0x4 zephyr/drivers/clock_control/libdrivers__clock_control.a(clock_control_nrf.c.obj)
 .bss.force_isr_mask
                0x20000348        0x4 zephyr/drivers/timer/libdrivers__timer.a(nrf_rtc_timer.c.obj)
 .bss.int_mask  0x2000034c        0x4 zephyr/drivers/timer/libdrivers__timer.a(nrf_rtc_timer.c.obj)
 .bss.overflow_cnt
                0x20000350        0x4 zephyr/drivers/timer/libdrivers__timer.a(nrf_rtc_timer.c.obj)
 .bss.m_clock_cb
                0x20000354        0x8 modules/hal_nordic/nrfx/libmodules__hal_nordic__nrfx.a(nrfx_clock.c.obj)
 .bss._kernel   0x2000035c       0x2c zephyr/kernel/libkernel.a(init.c.obj)
                0x2000035c                _kernel
 .bss.lock      0x20000388        0x0 zephyr/kernel/libkernel.a(sem.c.obj)
 .bss.pending_current
                0x20000388        0x4 zephyr/kernel/libkernel.a(sched.c.obj)
 .bss.sched_spinlock
                0x2000038c        0x0 zephyr/kernel/libkernel.a(sched.c.obj)
                0x2000038c                sched_spinlock
 .bss.slice_max_prio
                0x2000038c        0x4 zephyr/kernel/libkernel.a(sched.c.obj)
 .bss.slice_time
                0x20000390        0x4 zephyr/kernel/libkernel.a(sched.c.obj)
 .bss.announce_remaining
                0x20000394        0x4 zephyr/kernel/libkernel.a(timeout.c.obj)
 .bss.static_regions_num
                0x20000398        0x1 zephyr/arch/arch/arm/core/aarch32/mpu/libarch__arm__core__aarch32__mpu.a(arm_mpu.c.obj)
 .bss.z_sys_post_kernel
                0x20000399        0x1 zephyr/kernel/libkernel.a(init.c.obj)
                0x20000399                z_sys_post_kernel
 *(SORT_BY_ALIGNMENT(COMMON))
 *(SORT_BY_ALIGNMENT(.kernel_bss.*))
                0x2000039c                __bss_end = ALIGN (0x4)

noinit          0x200003a0      0xd60
 *(SORT_BY_ALIGNMENT(.noinit))
 *(SORT_BY_ALIGNMENT(.noinit.*))
 .noinit."WEST_TOPDIR/zephyr/kernel/init.c".0
                0x200003a0      0x420 zephyr/kernel/libkernel.a(init.c.obj)
                0x200003a0                z_main_stack
 .noinit."WEST_TOPDIR/zephyr/kernel/init.c".1
                0x200007c0      0x120 zephyr/kernel/libkernel.a(init.c.obj)
 .noinit."WEST_TOPDIR/zephyr/kernel/init.c".2
                0x200008e0      0x820 zephyr/kernel/libkernel.a(init.c.obj)
                0x200008e0                z_interrupt_stacks
 *(SORT_BY_ALIGNMENT(.kernel_noinit.*))
                0x20001100                _image_ram_end = .
                0x20001100                _end = .
                0x20006000                __kernel_ram_end = 0x20006000
                0x00005fc8                __kernel_ram_size = (__kernel_ram_end - __kernel_ram_start)

.intList        0xfffff800       0x38
 *(SORT_BY_ALIGNMENT(.irq_info*))
 .irq_info      0xfffff800        0x8 zephyr/arch/common/libisr_tables.a(isr_tables.c.obj)
                0xfffff800                _iheader
 *(SORT_BY_ALIGNMENT(.intList*))
 .intList       0xfffff808       0x10 zephyr/drivers/clock_control/libdrivers__clock_control.a(clock_control_nrf.c.obj)
 .intList       0xfffff818       0x10 zephyr/drivers/serial/libdrivers__serial.a(uart_nrfx_uarte.c.obj)
 .intList       0xfffff828       0x10 zephyr/drivers/timer/libdrivers__timer.a(nrf_rtc_timer.c.obj)

.stab
 *(SORT_BY_ALIGNMENT(.stab))

.stabstr
 *(SORT_BY_ALIGNMENT(.stabstr))

.stab.excl
 *(SORT_BY_ALIGNMENT(.stab.excl))

.stab.exclstr
 *(SORT_BY_ALIGNMENT(.stab.exclstr))

.stab.index
 *(SORT_BY_ALIGNMENT(.stab.index))

.stab.indexstr
 *(SORT_BY_ALIGNMENT(.stab.indexstr))

.gnu.build.attributes
 *(SORT_BY_ALIGNMENT(.gnu.build.attributes) SORT_BY_ALIGNMENT(.gnu.build.attributes.*))

.comment        0x00000000       0x79
 *(SORT_BY_ALIGNMENT(.comment))
 .comment       0x00000000       0x79 app/libapp.a(main.c.obj)
                                 0x7a (size before relaxing)
 .comment       0x00000079       0x7a app/libapp.a(myuart.c.obj)
 .comment       0x00000079       0x7a zephyr/libzephyr.a(notify.c.obj)
 .comment       0x00000079       0x7a zephyr/libzephyr.a(printk.c.obj)
 .comment       0x00000079       0x7a zephyr/libzephyr.a(onoff.c.obj)
 .comment       0x00000079       0x7a zephyr/libzephyr.a(thread_entry.c.obj)
 .comment       0x00000079       0x7a zephyr/libzephyr.a(cbprintf_complete.c.obj)
 .comment       0x00000079       0x7a zephyr/libzephyr.a(configs.c.obj)
 .comment       0x00000079       0x7a zephyr/libzephyr.a(thread_info.c.obj)
 .comment       0x00000079       0x7a zephyr/libzephyr.a(pm.c.obj)
 .comment       0x00000079       0x7a zephyr/libzephyr.a(residency.c.obj)
 .comment       0x00000079       0x7a zephyr/arch/arch/arm/core/aarch32/libarch__arm__core__aarch32.a(fatal.c.obj)
 .comment       0x00000079       0x7a zephyr/arch/arch/arm/core/aarch32/libarch__arm__core__aarch32.a(irq_manage.c.obj)
 .comment       0x00000079       0x7a zephyr/arch/arch/arm/core/aarch32/libarch__arm__core__aarch32.a(nmi.c.obj)
 .comment       0x00000079       0x7a zephyr/arch/arch/arm/core/aarch32/libarch__arm__core__aarch32.a(prep_c.c.obj)
 .comment       0x00000079       0x7a zephyr/arch/arch/arm/core/aarch32/libarch__arm__core__aarch32.a(swap.c.obj)
 .comment       0x00000079       0x7a zephyr/arch/arch/arm/core/aarch32/libarch__arm__core__aarch32.a(thread.c.obj)
 .comment       0x00000079       0x7a zephyr/arch/arch/arm/core/aarch32/cortex_m/libarch__arm__core__aarch32__cortex_m.a(fault.c.obj)
 .comment       0x00000079       0x7a zephyr/arch/arch/arm/core/aarch32/cortex_m/libarch__arm__core__aarch32__cortex_m.a(irq_init.c.obj)
 .comment       0x00000079       0x7a zephyr/arch/arch/arm/core/aarch32/cortex_m/libarch__arm__core__aarch32__cortex_m.a(scb.c.obj)
 .comment       0x00000079       0x7a zephyr/arch/arch/arm/core/aarch32/cortex_m/libarch__arm__core__aarch32__cortex_m.a(thread_abort.c.obj)
 .comment       0x00000079       0x7a zephyr/arch/arch/arm/core/aarch32/mpu/libarch__arm__core__aarch32__mpu.a(arm_core_mpu.c.obj)
 .comment       0x00000079       0x7a zephyr/arch/arch/arm/core/aarch32/mpu/libarch__arm__core__aarch32__mpu.a(arm_mpu.c.obj)
 .comment       0x00000079       0x7a zephyr/lib/libc/minimal/liblib__libc__minimal.a(string.c.obj)
 .comment       0x00000079       0x7a zephyr/soc/arm/common/cortex_m/libsoc__arm__common__cortex_m.a(arm_mpu_regions.c.obj)
 .comment       0x00000079       0x7a zephyr/soc/arm/nordic_nrf/nrf52/libsoc__arm__nordic_nrf__nrf52.a(soc.c.obj)
 .comment       0x00000079       0x7a zephyr/soc/arm/nordic_nrf/nrf52/libsoc__arm__nordic_nrf__nrf52.a(power.c.obj)
 .comment       0x00000079       0x7a zephyr/drivers/clock_control/libdrivers__clock_control.a(clock_control_nrf.c.obj)
 .comment       0x00000079       0x7a zephyr/drivers/serial/libdrivers__serial.a(uart_nrfx_uarte.c.obj)
 .comment       0x00000079       0x7a zephyr/drivers/timer/libdrivers__timer.a(sys_clock_init.c.obj)
 .comment       0x00000079       0x7a zephyr/drivers/timer/libdrivers__timer.a(nrf_rtc_timer.c.obj)
 .comment       0x00000079       0x7a modules/nrf/lib/fatal_error/lib..__nrf__lib__fatal_error.a(fatal_error.c.obj)
 .comment       0x00000079       0x7a modules/hal_nordic/nrfx/libmodules__hal_nordic__nrfx.a(system_nrf52811.c.obj)
 .comment       0x00000079       0x7a modules/hal_nordic/nrfx/libmodules__hal_nordic__nrfx.a(nrfx_glue.c.obj)
 .comment       0x00000079       0x7a modules/hal_nordic/nrfx/libmodules__hal_nordic__nrfx.a(nrfx_flag32_allocator.c.obj)
 .comment       0x00000079       0x7a modules/hal_nordic/nrfx/libmodules__hal_nordic__nrfx.a(nrfx_clock.c.obj)
 .comment       0x00000079       0x7a modules/hal_nordic/nrfx/libmodules__hal_nordic__nrfx.a(nrfx_ppi.c.obj)
 .comment       0x00000079       0x7a zephyr/kernel/libkernel.a(device.c.obj)
 .comment       0x00000079       0x7a zephyr/kernel/libkernel.a(errno.c.obj)
 .comment       0x00000079       0x7a zephyr/kernel/libkernel.a(fatal.c.obj)
 .comment       0x00000079       0x7a zephyr/kernel/libkernel.a(init.c.obj)
 .comment       0x00000079       0x7a zephyr/kernel/libkernel.a(thread.c.obj)
 .comment       0x00000079       0x7a zephyr/kernel/libkernel.a(idle.c.obj)
 .comment       0x00000079       0x7a zephyr/kernel/libkernel.a(sem.c.obj)
 .comment       0x00000079       0x7a zephyr/kernel/libkernel.a(sched.c.obj)
 .comment       0x00000079       0x7a zephyr/kernel/libkernel.a(xip.c.obj)
 .comment       0x00000079       0x7a zephyr/kernel/libkernel.a(timeout.c.obj)
 .comment       0x00000079       0x7a zephyr/kernel/libkernel.a(timer.c.obj)
 .comment       0x00000079       0x7a zephyr/kernel/libkernel.a(banner.c.obj)
 .comment       0x00000079       0x7a zephyr/CMakeFiles/offsets.dir/./arch/arm/core/offsets/offsets.c.obj
 .comment       0x00000079       0x7a zephyr/arch/common/libisr_tables.a(isr_tables.c.obj)

.debug
 *(SORT_BY_ALIGNMENT(.debug))

.line
 *(SORT_BY_ALIGNMENT(.line))

.debug_srcinfo
 *(SORT_BY_ALIGNMENT(.debug_srcinfo))

.debug_sfnames
 *(SORT_BY_ALIGNMENT(.debug_sfnames))

.debug_aranges  0x00000000     0x1268
 *(SORT_BY_ALIGNMENT(.debug_aranges))
 .debug_aranges
                0x00000000       0x20 zephyr/libzephyr.a(soc_nrf_common.S.obj)
 .debug_aranges
                0x00000020       0x30 zephyr/arch/arch/arm/core/aarch32/libarch__arm__core__aarch32.a(cpu_idle.S.obj)
 .debug_aranges
                0x00000050       0x20 zephyr/arch/arch/arm/core/aarch32/libarch__arm__core__aarch32.a(nmi_on_reset.S.obj)
 .debug_aranges
                0x00000070       0x28 zephyr/arch/arch/arm/core/aarch32/libarch__arm__core__aarch32.a(swap_helper.S.obj)
 .debug_aranges
                0x00000098       0x20 zephyr/arch/arch/arm/core/aarch32/libarch__arm__core__aarch32.a(isr_wrapper.S.obj)
 .debug_aranges
                0x000000b8       0x20 zephyr/arch/arch/arm/core/aarch32/cortex_m/libarch__arm__core__aarch32__cortex_m.a(exc_exit.S.obj)
 .debug_aranges
                0x000000d8       0x20 zephyr/arch/arch/arm/core/aarch32/cortex_m/libarch__arm__core__aarch32__cortex_m.a(fault_s.S.obj)
 .debug_aranges
                0x000000f8       0x20 zephyr/arch/arch/arm/core/aarch32/cortex_m/libarch__arm__core__aarch32__cortex_m.a(reset.S.obj)
 .debug_aranges
                0x00000118       0x20 app/libapp.a(main.c.obj)
 .debug_aranges
                0x00000138       0x28 app/libapp.a(myuart.c.obj)
 .debug_aranges
                0x00000160       0x28 zephyr/libzephyr.a(notify.c.obj)
 .debug_aranges
                0x00000188       0x68 zephyr/libzephyr.a(printk.c.obj)
 .debug_aranges
                0x000001f0       0xa8 zephyr/libzephyr.a(onoff.c.obj)
 .debug_aranges
                0x00000298       0x20 zephyr/libzephyr.a(thread_entry.c.obj)
 .debug_aranges
                0x000002b8       0x38 zephyr/libzephyr.a(cbprintf_complete.c.obj)
 .debug_aranges
                0x000002f0       0x20 zephyr/libzephyr.a(configs.c.obj)
 .debug_aranges
                0x00000310       0x18 zephyr/libzephyr.a(thread_info.c.obj)
 .debug_aranges
                0x00000328       0x48 zephyr/libzephyr.a(pm.c.obj)
 .debug_aranges
                0x00000370       0x20 zephyr/libzephyr.a(residency.c.obj)
 .debug_aranges
                0x00000390       0x30 zephyr/arch/arch/arm/core/aarch32/libarch__arm__core__aarch32.a(fatal.c.obj)
 .debug_aranges
                0x000003c0       0x48 zephyr/arch/arch/arm/core/aarch32/libarch__arm__core__aarch32.a(irq_manage.c.obj)
 .debug_aranges
                0x00000408       0x20 zephyr/arch/arch/arm/core/aarch32/libarch__arm__core__aarch32.a(nmi.c.obj)
 .debug_aranges
                0x00000428       0x20 zephyr/arch/arch/arm/core/aarch32/libarch__arm__core__aarch32.a(prep_c.c.obj)
 .debug_aranges
                0x00000448       0x20 zephyr/arch/arch/arm/core/aarch32/libarch__arm__core__aarch32.a(swap.c.obj)
 .debug_aranges
                0x00000468       0x30 zephyr/arch/arch/arm/core/aarch32/libarch__arm__core__aarch32.a(thread.c.obj)
 .debug_aranges
                0x00000498       0x60 zephyr/arch/arch/arm/core/aarch32/cortex_m/libarch__arm__core__aarch32__cortex_m.a(fault.c.obj)
 .debug_aranges
                0x000004f8       0x20 zephyr/arch/arch/arm/core/aarch32/cortex_m/libarch__arm__core__aarch32__cortex_m.a(irq_init.c.obj)
 .debug_aranges
                0x00000518       0x30 zephyr/arch/arch/arm/core/aarch32/cortex_m/libarch__arm__core__aarch32__cortex_m.a(scb.c.obj)
 .debug_aranges
                0x00000548       0x20 zephyr/arch/arch/arm/core/aarch32/cortex_m/libarch__arm__core__aarch32__cortex_m.a(thread_abort.c.obj)
 .debug_aranges
                0x00000568       0x28 zephyr/arch/arch/arm/core/aarch32/mpu/libarch__arm__core__aarch32__mpu.a(arm_core_mpu.c.obj)
 .debug_aranges
                0x00000590       0x78 zephyr/arch/arch/arm/core/aarch32/mpu/libarch__arm__core__aarch32__mpu.a(arm_mpu.c.obj)
 .debug_aranges
                0x00000608       0x98 zephyr/lib/libc/minimal/liblib__libc__minimal.a(string.c.obj)
 .debug_aranges
                0x000006a0       0x18 zephyr/soc/arm/common/cortex_m/libsoc__arm__common__cortex_m.a(arm_mpu_regions.c.obj)
 .debug_aranges
                0x000006b8       0x30 zephyr/soc/arm/nordic_nrf/nrf52/libsoc__arm__nordic_nrf__nrf52.a(soc.c.obj)
 .debug_aranges
                0x000006e8       0x28 zephyr/soc/arm/nordic_nrf/nrf52/libsoc__arm__nordic_nrf__nrf52.a(power.c.obj)
 .debug_aranges
                0x00000710      0x118 zephyr/drivers/clock_control/libdrivers__clock_control.a(clock_control_nrf.c.obj)
 .debug_aranges
                0x00000828      0x158 zephyr/drivers/serial/libdrivers__serial.a(uart_nrfx_uarte.c.obj)
 .debug_aranges
                0x00000980       0x28 zephyr/drivers/timer/libdrivers__timer.a(sys_clock_init.c.obj)
 .debug_aranges
                0x000009a8      0x120 zephyr/drivers/timer/libdrivers__timer.a(nrf_rtc_timer.c.obj)
 .debug_aranges
                0x00000ac8       0x20 modules/nrf/lib/fatal_error/lib..__nrf__lib__fatal_error.a(fatal_error.c.obj)
 .debug_aranges
                0x00000ae8       0x68 modules/hal_nordic/nrfx/libmodules__hal_nordic__nrfx.a(system_nrf52811.c.obj)
 .debug_aranges
                0x00000b50       0x30 modules/hal_nordic/nrfx/libmodules__hal_nordic__nrfx.a(nrfx_glue.c.obj)
 .debug_aranges
                0x00000b80       0x30 modules/hal_nordic/nrfx/libmodules__hal_nordic__nrfx.a(nrfx_flag32_allocator.c.obj)
 .debug_aranges
                0x00000bb0       0x70 modules/hal_nordic/nrfx/libmodules__hal_nordic__nrfx.a(nrfx_clock.c.obj)
 .debug_aranges
                0x00000c20       0xa8 modules/hal_nordic/nrfx/libmodules__hal_nordic__nrfx.a(nrfx_ppi.c.obj)
 .debug_aranges
                0x00000cc8       0x58 zephyr/kernel/libkernel.a(device.c.obj)
 .debug_aranges
                0x00000d20       0x20 zephyr/kernel/libkernel.a(errno.c.obj)
 .debug_aranges
                0x00000d40       0x60 zephyr/kernel/libkernel.a(fatal.c.obj)
 .debug_aranges
                0x00000da0       0x50 zephyr/kernel/libkernel.a(init.c.obj)
 .debug_aranges
                0x00000df0       0xd0 zephyr/kernel/libkernel.a(thread.c.obj)
 .debug_aranges
                0x00000ec0       0x28 zephyr/kernel/libkernel.a(idle.c.obj)
 .debug_aranges
                0x00000ee8       0x38 zephyr/kernel/libkernel.a(sem.c.obj)
 .debug_aranges
                0x00000f20      0x1e0 zephyr/kernel/libkernel.a(sched.c.obj)
 .debug_aranges
                0x00001100       0x20 zephyr/kernel/libkernel.a(xip.c.obj)
 .debug_aranges
                0x00001120       0xa8 zephyr/kernel/libkernel.a(timeout.c.obj)
 .debug_aranges
                0x000011c8       0x48 zephyr/kernel/libkernel.a(timer.c.obj)
 .debug_aranges
                0x00001210       0x20 zephyr/kernel/libkernel.a(banner.c.obj)
 .debug_aranges
                0x00001230       0x20 zephyr/CMakeFiles/offsets.dir/./arch/arm/core/offsets/offsets.c.obj
 .debug_aranges
                0x00001250       0x18 zephyr/arch/common/libisr_tables.a(isr_tables.c.obj)

.debug_pubnames
 *(SORT_BY_ALIGNMENT(.debug_pubnames))

.debug_info     0x00000000    0x5504a
 *(SORT_BY_ALIGNMENT(.debug_info) SORT_BY_ALIGNMENT(.gnu.linkonce.wi.*))
 .debug_info    0x00000000     0x1102 app/libapp.a(main.c.obj)
 .debug_info    0x00001102     0x12af app/libapp.a(myuart.c.obj)
 .debug_info    0x000023b1      0xa5b zephyr/libzephyr.a(notify.c.obj)
 .debug_info    0x00002e0c      0xd48 zephyr/libzephyr.a(printk.c.obj)
 .debug_info    0x00003b54     0x2c7d zephyr/libzephyr.a(onoff.c.obj)
 .debug_info    0x000067d1      0x98b zephyr/libzephyr.a(thread_entry.c.obj)
 .debug_info    0x0000715c      0xfab zephyr/libzephyr.a(cbprintf_complete.c.obj)
 .debug_info    0x00008107       0x38 zephyr/libzephyr.a(configs.c.obj)
 .debug_info    0x0000813f       0x26 zephyr/libzephyr.a(soc_nrf_common.S.obj)
 .debug_info    0x00008165      0x97e zephyr/libzephyr.a(thread_info.c.obj)
 .debug_info    0x00008ae3     0x2609 zephyr/libzephyr.a(pm.c.obj)
 .debug_info    0x0000b0ec     0x117b zephyr/libzephyr.a(residency.c.obj)
 .debug_info    0x0000c267       0x22 zephyr/arch/arch/arm/core/aarch32/libarch__arm__core__aarch32.a(cpu_idle.S.obj)
 .debug_info    0x0000c289     0x22bd zephyr/arch/arch/arm/core/aarch32/libarch__arm__core__aarch32.a(fatal.c.obj)
 .debug_info    0x0000e546      0xec5 zephyr/arch/arch/arm/core/aarch32/libarch__arm__core__aarch32.a(irq_manage.c.obj)
 .debug_info    0x0000f40b      0x88a zephyr/arch/arch/arm/core/aarch32/libarch__arm__core__aarch32.a(nmi.c.obj)
 .debug_info    0x0000fc95       0x26 zephyr/arch/arch/arm/core/aarch32/libarch__arm__core__aarch32.a(nmi_on_reset.S.obj)
 .debug_info    0x0000fcbb      0xcce zephyr/arch/arch/arm/core/aarch32/libarch__arm__core__aarch32.a(prep_c.c.obj)
 .debug_info    0x00010989      0xae8 zephyr/arch/arch/arm/core/aarch32/libarch__arm__core__aarch32.a(swap.c.obj)
 .debug_info    0x00011471       0x22 zephyr/arch/arch/arm/core/aarch32/libarch__arm__core__aarch32.a(swap_helper.S.obj)
 .debug_info    0x00011493      0xb94 zephyr/arch/arch/arm/core/aarch32/libarch__arm__core__aarch32.a(thread.c.obj)
 .debug_info    0x00012027       0x26 zephyr/arch/arch/arm/core/aarch32/libarch__arm__core__aarch32.a(isr_wrapper.S.obj)
 .debug_info    0x0001204d       0x26 zephyr/arch/arch/arm/core/aarch32/cortex_m/libarch__arm__core__aarch32__cortex_m.a(exc_exit.S.obj)
 .debug_info    0x00012073     0x76b7 zephyr/arch/arch/arm/core/aarch32/cortex_m/libarch__arm__core__aarch32__cortex_m.a(fault.c.obj)
 .debug_info    0x0001972a       0x26 zephyr/arch/arch/arm/core/aarch32/cortex_m/libarch__arm__core__aarch32__cortex_m.a(fault_s.S.obj)
 .debug_info    0x00019750      0x631 zephyr/arch/arch/arm/core/aarch32/cortex_m/libarch__arm__core__aarch32__cortex_m.a(irq_init.c.obj)
 .debug_info    0x00019d81       0x26 zephyr/arch/arch/arm/core/aarch32/cortex_m/libarch__arm__core__aarch32__cortex_m.a(reset.S.obj)
 .debug_info    0x00019da7      0xf8a zephyr/arch/arch/arm/core/aarch32/cortex_m/libarch__arm__core__aarch32__cortex_m.a(scb.c.obj)
 .debug_info    0x0001ad31      0xb2e zephyr/arch/arch/arm/core/aarch32/cortex_m/libarch__arm__core__aarch32__cortex_m.a(thread_abort.c.obj)
 .debug_info    0x0001b85f      0xf44 zephyr/arch/arch/arm/core/aarch32/mpu/libarch__arm__core__aarch32__mpu.a(arm_core_mpu.c.obj)
 .debug_info    0x0001c7a3     0x321e zephyr/arch/arch/arm/core/aarch32/mpu/libarch__arm__core__aarch32__mpu.a(arm_mpu.c.obj)
 .debug_info    0x0001f9c1      0x7c3 zephyr/lib/libc/minimal/liblib__libc__minimal.a(string.c.obj)
 .debug_info    0x00020184      0x1f7 zephyr/soc/arm/common/cortex_m/libsoc__arm__common__cortex_m.a(arm_mpu_regions.c.obj)
 .debug_info    0x0002037b     0x10df zephyr/soc/arm/nordic_nrf/nrf52/libsoc__arm__nordic_nrf__nrf52.a(soc.c.obj)
 .debug_info    0x0002145a     0x181a zephyr/soc/arm/nordic_nrf/nrf52/libsoc__arm__nordic_nrf__nrf52.a(power.c.obj)
 .debug_info    0x00022c74     0x4bcc zephyr/drivers/clock_control/libdrivers__clock_control.a(clock_control_nrf.c.obj)
 .debug_info    0x00027840     0x8907 zephyr/drivers/serial/libdrivers__serial.a(uart_nrfx_uarte.c.obj)
 .debug_info    0x00030147      0x88a zephyr/drivers/timer/libdrivers__timer.a(sys_clock_init.c.obj)
 .debug_info    0x000309d1     0x2b91 zephyr/drivers/timer/libdrivers__timer.a(nrf_rtc_timer.c.obj)
 .debug_info    0x00033562     0x19bc modules/nrf/lib/fatal_error/lib..__nrf__lib__fatal_error.a(fatal_error.c.obj)
 .debug_info    0x00034f1e     0x11ca modules/hal_nordic/nrfx/libmodules__hal_nordic__nrfx.a(system_nrf52811.c.obj)
 .debug_info    0x000360e8      0x9ef modules/hal_nordic/nrfx/libmodules__hal_nordic__nrfx.a(nrfx_glue.c.obj)
 .debug_info    0x00036ad7      0x47f modules/hal_nordic/nrfx/libmodules__hal_nordic__nrfx.a(nrfx_flag32_allocator.c.obj)
 .debug_info    0x00036f56     0x3589 modules/hal_nordic/nrfx/libmodules__hal_nordic__nrfx.a(nrfx_clock.c.obj)
 .debug_info    0x0003a4df     0x4bd8 modules/hal_nordic/nrfx/libmodules__hal_nordic__nrfx.a(nrfx_ppi.c.obj)
 .debug_info    0x0003f0b7     0x11e6 zephyr/kernel/libkernel.a(device.c.obj)
 .debug_info    0x0004029d      0x8f2 zephyr/kernel/libkernel.a(errno.c.obj)
 .debug_info    0x00040b8f     0x2908 zephyr/kernel/libkernel.a(fatal.c.obj)
 .debug_info    0x00043497     0x2181 zephyr/kernel/libkernel.a(init.c.obj)
 .debug_info    0x00045618     0x287b zephyr/kernel/libkernel.a(thread.c.obj)
 .debug_info    0x00047e93      0xae3 zephyr/kernel/libkernel.a(idle.c.obj)
 .debug_info    0x00048976      0xf67 zephyr/kernel/libkernel.a(sem.c.obj)
 .debug_info    0x000498dd     0x650f zephyr/kernel/libkernel.a(sched.c.obj)
 .debug_info    0x0004fdec      0xa11 zephyr/kernel/libkernel.a(xip.c.obj)
 .debug_info    0x000507fd     0x1ae3 zephyr/kernel/libkernel.a(timeout.c.obj)
 .debug_info    0x000522e0     0x145c zephyr/kernel/libkernel.a(timer.c.obj)
 .debug_info    0x0005373c      0xb68 zephyr/kernel/libkernel.a(banner.c.obj)
 .debug_info    0x000542a4      0xb7a zephyr/CMakeFiles/offsets.dir/./arch/arm/core/offsets/offsets.c.obj
 .debug_info    0x00054e1e      0x22c zephyr/arch/common/libisr_tables.a(isr_tables.c.obj)

.debug_abbrev   0x00000000     0xa374
 *(SORT_BY_ALIGNMENT(.debug_abbrev))
 .debug_abbrev  0x00000000      0x2fa app/libapp.a(main.c.obj)
 .debug_abbrev  0x000002fa      0x385 app/libapp.a(myuart.c.obj)
 .debug_abbrev  0x0000067f      0x23c zephyr/libzephyr.a(notify.c.obj)
 .debug_abbrev  0x000008bb      0x326 zephyr/libzephyr.a(printk.c.obj)
 .debug_abbrev  0x00000be1      0x4f7 zephyr/libzephyr.a(onoff.c.obj)
 .debug_abbrev  0x000010d8      0x277 zephyr/libzephyr.a(thread_entry.c.obj)
 .debug_abbrev  0x0000134f      0x3ec zephyr/libzephyr.a(cbprintf_complete.c.obj)
 .debug_abbrev  0x0000173b       0x2e zephyr/libzephyr.a(configs.c.obj)
 .debug_abbrev  0x00001769       0x14 zephyr/libzephyr.a(soc_nrf_common.S.obj)
 .debug_abbrev  0x0000177d      0x1a4 zephyr/libzephyr.a(thread_info.c.obj)
 .debug_abbrev  0x00001921      0x55c zephyr/libzephyr.a(pm.c.obj)
 .debug_abbrev  0x00001e7d      0x256 zephyr/libzephyr.a(residency.c.obj)
 .debug_abbrev  0x000020d3       0x12 zephyr/arch/arch/arm/core/aarch32/libarch__arm__core__aarch32.a(cpu_idle.S.obj)
 .debug_abbrev  0x000020e5      0x312 zephyr/arch/arch/arm/core/aarch32/libarch__arm__core__aarch32.a(fatal.c.obj)