<html>
<body>
<pre>
<h1>�Vision Build Log</h1>
<h2>Tool Versions:</h2>
IDE-Version: ��Vision V5.36.0.0
Copyright (C) 2021 ARM Ltd and ARM Germany GmbH. All rights reserved.
License Information: Chen Thomas, CQUPT, LIC=9N0AE-5E9Y1-ZEEH2-95HP6-IXFR3-ZVUMF
 
Tool Versions:
Toolchain:       MDK-ARM Professional  Version: 5.36.0.0
Toolchain Path:  C:\Keil_v5\ARM\ARMCC\Bin
C Compiler:      Armcc.exe V5.06 update 7 (build 960)
Assembler:       Armasm.exe V5.06 update 7 (build 960)
Linker/Locator:  ArmLink.exe V5.06 update 7 (build 960)
Library Manager: ArmAr.exe V5.06 update 7 (build 960)
Hex Converter:   FromElf.exe V5.06 update 7 (build 960)
CPU DLL:         SARMCM3.DLL V5.36.0.0
Dialog DLL:      DCM.DLL V1.17.3.0
Target DLL:      Segger\JL2CM3.dll V2.99.40.0
Dialog DLL:      TCM.DLL V1.53.0.0
 
<h2>Project:</h2>
D:\Code\Nordic\ble-positioning\PositioningWatch\MDK-ARM\PositioningWatch.uvprojx
Project File Date:  05/27/2022

<h2>Output:</h2>
*** Using Compiler 'V5.06 update 7 (build 960)', folder: 'C:\Keil_v5\ARM\ARMCC\Bin'
Build target 'PositioningWatch'
assembling startup_stm32f412rx.s...
compiling gpio.c...
../Drivers/CMSIS/Device/ST/STM32F4xx/Include/stm32f412rx.h(52): warning:  #47-D: incompatible redefinition of macro "__FPU_PRESENT" 
  #define __FPU_PRESENT             1U       /*!< FPU present                                   */
../Core/Src/gpio.c: 1 warning, 0 errors
compiling main.c...
../Drivers/CMSIS/Device/ST/STM32F4xx/Include/stm32f412rx.h(52): warning:  #47-D: incompatible redefinition of macro "__FPU_PRESENT" 
  #define __FPU_PRESENT             1U       /*!< FPU present                                   */
../Core/Src/main.c: 1 warning, 0 errors
compiling freertos.c...
../Drivers/CMSIS/Device/ST/STM32F4xx/Include/stm32f412rx.h(52): warning:  #47-D: incompatible redefinition of macro "__FPU_PRESENT" 
  #define __FPU_PRESENT             1U       /*!< FPU present                                   */
../Core/Src/freertos.c(222): warning:  #1035-D: single-precision operand implicitly converted to double-precision
          voltage = 2.0*adc_getvoltage();
../Core/Src/freertos.c(223): warning:  #1035-D: single-precision operand implicitly converted to double-precision
          electicity = relu100((voltage-3.45)/0.0075);
../Core/Src/freertos.c(377): warning:  #177-D: variable "remain_num"  was declared but never referenced
      static uint8_t remain_num = 0;
../Core/Src/freertos.c(378): warning:  #177-D: variable "time_stamp"  was declared but never referenced
  	static unsigned long time_stamp = 0;
../Core/Src/freertos.c(379): warning:  #177-D: variable "accel"  was declared but never referenced
  	static short accel[3];
../Core/Src/freertos.c(380): warning:  #177-D: variable "euler_angle"  was declared but never referenced
  	static float euler_angle[3];			//欧拉�?
../Core/Src/freertos.c(381): warning:  #177-D: variable "temp"  was declared but never referenced
      static short temp;						//温度
../Core/Src/freertos.c(382): warning:  #177-D: variable "displacement"  was declared but never referenced
  	static float displacement[3] = {0};
../Core/Src/freertos.c: 9 warnings, 0 errors
compiling adc.c...
../Drivers/CMSIS/Device/ST/STM32F4xx/Include/stm32f412rx.h(52): warning:  #47-D: incompatible redefinition of macro "__FPU_PRESENT" 
  #define __FPU_PRESENT             1U       /*!< FPU present                                   */
../Core/Src/adc.c: 1 warning, 0 errors
compiling i2c.c...
../Drivers/CMSIS/Device/ST/STM32F4xx/Include/stm32f412rx.h(52): warning:  #47-D: incompatible redefinition of macro "__FPU_PRESENT" 
  #define __FPU_PRESENT             1U       /*!< FPU present                                   */
../Core/Src/i2c.c: 1 warning, 0 errors
compiling fsmc.c...
../Drivers/CMSIS/Device/ST/STM32F4xx/Include/stm32f412rx.h(52): warning:  #47-D: incompatible redefinition of macro "__FPU_PRESENT" 
  #define __FPU_PRESENT             1U       /*!< FPU present                                   */
../Core/Src/fsmc.c: 1 warning, 0 errors
compiling tim.c...
../Drivers/CMSIS/Device/ST/STM32F4xx/Include/stm32f412rx.h(52): warning:  #47-D: incompatible redefinition of macro "__FPU_PRESENT" 
  #define __FPU_PRESENT             1U       /*!< FPU present                                   */
../Core/Src/tim.c: 1 warning, 0 errors
compiling stm32f4xx_it.c...
../Drivers/CMSIS/Device/ST/STM32F4xx/Include/stm32f412rx.h(52): warning:  #47-D: incompatible redefinition of macro "__FPU_PRESENT" 
  #define __FPU_PRESENT             1U       /*!< FPU present                                   */
../Core/Src/stm32f4xx_it.c: 1 warning, 0 errors
compiling usart.c...
../Drivers/CMSIS/Device/ST/STM32F4xx/Include/stm32f412rx.h(52): warning:  #47-D: incompatible redefinition of macro "__FPU_PRESENT" 
  #define __FPU_PRESENT             1U       /*!< FPU present                                   */
../Core/Src/usart.c: 1 warning, 0 errors
compiling stm32f4xx_hal_msp.c...
../Drivers/CMSIS/Device/ST/STM32F4xx/Include/stm32f412rx.h(52): warning:  #47-D: incompatible redefinition of macro "__FPU_PRESENT" 
  #define __FPU_PRESENT             1U       /*!< FPU present                                   */
../Core/Src/stm32f4xx_hal_msp.c: 1 warning, 0 errors
compiling stm32f4xx_hal_timebase_tim.c...
../Drivers/CMSIS/Device/ST/STM32F4xx/Include/stm32f412rx.h(52): warning:  #47-D: incompatible redefinition of macro "__FPU_PRESENT" 
  #define __FPU_PRESENT             1U       /*!< FPU present                                   */
../Core/Src/stm32f4xx_hal_timebase_tim.c: 1 warning, 0 errors
compiling stm32f4xx_ll_adc.c...
compiling stm32f4xx_hal_adc.c...
../Drivers/CMSIS/Device/ST/STM32F4xx/Include/stm32f412rx.h(52): warning:  #47-D: incompatible redefinition of macro "__FPU_PRESENT" 
  #define __FPU_PRESENT             1U       /*!< FPU present                                   */
../Drivers/STM32F4xx_HAL_Driver/Src/stm32f4xx_hal_adc.c: 1 warning, 0 errors
compiling stm32f4xx_hal_adc_ex.c...
../Drivers/CMSIS/Device/ST/STM32F4xx/Include/stm32f412rx.h(52): warning:  #47-D: incompatible redefinition of macro "__FPU_PRESENT" 
  #define __FPU_PRESENT             1U       /*!< FPU present                                   */
../Drivers/STM32F4xx_HAL_Driver/Src/stm32f4xx_hal_adc_ex.c: 1 warning, 0 errors
compiling stm32f4xx_hal_rcc.c...
../Drivers/CMSIS/Device/ST/STM32F4xx/Include/stm32f412rx.h(52): warning:  #47-D: incompatible redefinition of macro "__FPU_PRESENT" 
  #define __FPU_PRESENT             1U       /*!< FPU present                                   */
../Drivers/STM32F4xx_HAL_Driver/Src/stm32f4xx_hal_rcc.c: 1 warning, 0 errors
compiling stm32f4xx_hal_rcc_ex.c...
../Drivers/CMSIS/Device/ST/STM32F4xx/Include/stm32f412rx.h(52): warning:  #47-D: incompatible redefinition of macro "__FPU_PRESENT" 
  #define __FPU_PRESENT             1U       /*!< FPU present                                   */
../Drivers/STM32F4xx_HAL_Driver/Src/stm32f4xx_hal_rcc_ex.c: 1 warning, 0 errors
compiling stm32f4xx_hal_flash.c...
../Drivers/CMSIS/Device/ST/STM32F4xx/Include/stm32f412rx.h(52): warning:  #47-D: incompatible redefinition of macro "__FPU_PRESENT" 
  #define __FPU_PRESENT             1U       /*!< FPU present                                   */
../Drivers/STM32F4xx_HAL_Driver/Src/stm32f4xx_hal_flash.c: 1 warning, 0 errors
compiling stm32f4xx_hal_flash_ramfunc.c...
../Drivers/CMSIS/Device/ST/STM32F4xx/Include/stm32f412rx.h(52): warning:  #47-D: incompatible redefinition of macro "__FPU_PRESENT" 
  #define __FPU_PRESENT             1U       /*!< FPU present                                   */
../Drivers/STM32F4xx_HAL_Driver/Src/stm32f4xx_hal_flash_ramfunc.c: 1 warning, 0 errors
compiling stm32f4xx_hal_flash_ex.c...
../Drivers/CMSIS/Device/ST/STM32F4xx/Include/stm32f412rx.h(52): warning:  #47-D: incompatible redefinition of macro "__FPU_PRESENT" 
  #define __FPU_PRESENT             1U       /*!< FPU present                                   */
../Drivers/STM32F4xx_HAL_Driver/Src/stm32f4xx_hal_flash_ex.c: 1 warning, 0 errors
compiling stm32f4xx_hal_dma.c...
../Drivers/CMSIS/Device/ST/STM32F4xx/Include/stm32f412rx.h(52): warning:  #47-D: incompatible redefinition of macro "__FPU_PRESENT" 
  #define __FPU_PRESENT             1U       /*!< FPU present                                   */
../Drivers/STM32F4xx_HAL_Driver/Src/stm32f4xx_hal_dma.c: 1 warning, 0 errors
compiling stm32f4xx_hal_gpio.c...
../Drivers/CMSIS/Device/ST/STM32F4xx/Include/stm32f412rx.h(52): warning:  #47-D: incompatible redefinition of macro "__FPU_PRESENT" 
  #define __FPU_PRESENT             1U       /*!< FPU present                                   */
../Drivers/STM32F4xx_HAL_Driver/Src/stm32f4xx_hal_gpio.c: 1 warning, 0 errors
compiling stm32f4xx_hal_dma_ex.c...
../Drivers/CMSIS/Device/ST/STM32F4xx/Include/stm32f412rx.h(52): warning:  #47-D: incompatible redefinition of macro "__FPU_PRESENT" 
  #define __FPU_PRESENT             1U       /*!< FPU present                                   */
../Drivers/STM32F4xx_HAL_Driver/Src/stm32f4xx_hal_dma_ex.c: 1 warning, 0 errors
compiling stm32f4xx_hal_pwr_ex.c...
../Drivers/CMSIS/Device/ST/STM32F4xx/Include/stm32f412rx.h(52): warning:  #47-D: incompatible redefinition of macro "__FPU_PRESENT" 
  #define __FPU_PRESENT             1U       /*!< FPU present                                   */
../Drivers/STM32F4xx_HAL_Driver/Src/stm32f4xx_hal_pwr_ex.c: 1 warning, 0 errors
compiling stm32f4xx_hal_cortex.c...
../Drivers/CMSIS/Device/ST/STM32F4xx/Include/stm32f412rx.h(52): warning:  #47-D: incompatible redefinition of macro "__FPU_PRESENT" 
  #define __FPU_PRESENT             1U       /*!< FPU present                                   */
../Drivers/STM32F4xx_HAL_Driver/Src/stm32f4xx_hal_cortex.c: 1 warning, 0 errors
compiling stm32f4xx_hal_pwr.c...
../Drivers/CMSIS/Device/ST/STM32F4xx/Include/stm32f412rx.h(52): warning:  #47-D: incompatible redefinition of macro "__FPU_PRESENT" 
  #define __FPU_PRESENT             1U       /*!< FPU present                                   */
../Drivers/STM32F4xx_HAL_Driver/Src/stm32f4xx_hal_pwr.c: 1 warning, 0 errors
compiling stm32f4xx_ll_fsmc.c...
../Drivers/CMSIS/Device/ST/STM32F4xx/Include/stm32f412rx.h(52): warning:  #47-D: incompatible redefinition of macro "__FPU_PRESENT" 
  #define __FPU_PRESENT             1U       /*!< FPU present                                   */
../Drivers/STM32F4xx_HAL_Driver/Src/stm32f4xx_ll_fsmc.c: 1 warning, 0 errors
compiling stm32f4xx_hal_exti.c...
../Drivers/CMSIS/Device/ST/STM32F4xx/Include/stm32f412rx.h(52): warning:  #47-D: incompatible redefinition of macro "__FPU_PRESENT" 
  #define __FPU_PRESENT             1U       /*!< FPU present                                   */
../Drivers/STM32F4xx_HAL_Driver/Src/stm32f4xx_hal_exti.c: 1 warning, 0 errors
compiling stm32f4xx_hal.c...
../Drivers/CMSIS/Device/ST/STM32F4xx/Include/stm32f412rx.h(52): warning:  #47-D: incompatible redefinition of macro "__FPU_PRESENT" 
  #define __FPU_PRESENT             1U       /*!< FPU present                                   */
../Drivers/STM32F4xx_HAL_Driver/Src/stm32f4xx_hal.c: 1 warning, 0 errors
compiling stm32f4xx_hal_i2c_ex.c...
../Drivers/CMSIS/Device/ST/STM32F4xx/Include/stm32f412rx.h(52): warning:  #47-D: incompatible redefinition of macro "__FPU_PRESENT" 
  #define __FPU_PRESENT             1U       /*!< FPU present                                   */
../Drivers/STM32F4xx_HAL_Driver/Src/stm32f4xx_hal_i2c_ex.c: 1 warning, 0 errors
compiling stm32f4xx_hal_sram.c...
../Drivers/CMSIS/Device/ST/STM32F4xx/Include/stm32f412rx.h(52): warning:  #47-D: incompatible redefinition of macro "__FPU_PRESENT" 
  #define __FPU_PRESENT             1U       /*!< FPU present                                   */
../Drivers/STM32F4xx_HAL_Driver/Src/stm32f4xx_hal_sram.c: 1 warning, 0 errors
compiling stm32f4xx_hal_i2c.c...
../Drivers/CMSIS/Device/ST/STM32F4xx/Include/stm32f412rx.h(52): warning:  #47-D: incompatible redefinition of macro "__FPU_PRESENT" 
  #define __FPU_PRESENT             1U       /*!< FPU present                                   */
../Drivers/STM32F4xx_HAL_Driver/Src/stm32f4xx_hal_i2c.c: 1 warning, 0 errors
compiling stm32f4xx_hal_tim_ex.c...
../Drivers/CMSIS/Device/ST/STM32F4xx/Include/stm32f412rx.h(52): warning:  #47-D: incompatible redefinition of macro "__FPU_PRESENT" 
  #define __FPU_PRESENT             1U       /*!< FPU present                                   */
../Drivers/STM32F4xx_HAL_Driver/Src/stm32f4xx_hal_tim_ex.c: 1 warning, 0 errors
compiling stm32f4xx_hal_uart.c...
../Drivers/CMSIS/Device/ST/STM32F4xx/Include/stm32f412rx.h(52): warning:  #47-D: incompatible redefinition of macro "__FPU_PRESENT" 
  #define __FPU_PRESENT             1U       /*!< FPU present                                   */
../Drivers/STM32F4xx_HAL_Driver/Src/stm32f4xx_hal_uart.c: 1 warning, 0 errors
compiling croutine.c...
compiling event_groups.c...
compiling stm32f4xx_hal_tim.c...
../Drivers/CMSIS/Device/ST/STM32F4xx/Include/stm32f412rx.h(52): warning:  #47-D: incompatible redefinition of macro "__FPU_PRESENT" 
  #define __FPU_PRESENT             1U       /*!< FPU present                                   */
../Drivers/STM32F4xx_HAL_Driver/Src/stm32f4xx_hal_tim.c: 1 warning, 0 errors
compiling list.c...
compiling queue.c...
compiling stream_buffer.c...
compiling timers.c...
compiling tasks.c...
compiling heap_4.c...
compiling port.c...
compiling system_stm32f4xx.c...
../Drivers/CMSIS/Device/ST/STM32F4xx/Include/stm32f412rx.h(52): warning:  #47-D: incompatible redefinition of macro "__FPU_PRESENT" 
  #define __FPU_PRESENT             1U       /*!< FPU present                                   */
../Core/Src/system_stm32f4xx.c: 1 warning, 0 errors
compiling lcd.c...
../Drivers/CMSIS/Device/ST/STM32F4xx/Include/stm32f412rx.h(52): warning:  #47-D: incompatible redefinition of macro "__FPU_PRESENT" 
  #define __FPU_PRESENT             1U       /*!< FPU present                                   */
..\Drivers\HARDWARE\LCD\lcd.c: 1 warning, 0 errors
compiling cmsis_os2.c...
../Drivers/CMSIS/Device/ST/STM32F4xx/Include/stm32f412rx.h(52): warning:  #47-D: incompatible redefinition of macro "__FPU_PRESENT" 
  #define __FPU_PRESENT             1U       /*!< FPU present                                   */
../Middlewares/Third_Party/FreeRTOS/Source/CMSIS_RTOS_V2/cmsis_os2.c: 1 warning, 0 errors
compiling key.c...
../Drivers/CMSIS/Device/ST/STM32F4xx/Include/stm32f412rx.h(52): warning:  #47-D: incompatible redefinition of macro "__FPU_PRESENT" 
  #define __FPU_PRESENT             1U       /*!< FPU present                                   */
..\Drivers\HARDWARE\KEY\key.c(22): warning:  #1-D: last line of file ends without a newline
  }
..\Drivers\HARDWARE\KEY\key.c: 2 warnings, 0 errors
compiling mpu6050.c...
../Drivers/CMSIS/Device/ST/STM32F4xx/Include/stm32f412rx.h(52): warning:  #47-D: incompatible redefinition of macro "__FPU_PRESENT" 
  #define __FPU_PRESENT             1U       /*!< FPU present                                   */
..\Drivers\HARDWARE\MPU6050\mpu6050.c: 1 warning, 0 errors
compiling inv_mpu.c...
../Drivers/CMSIS/Device/ST/STM32F4xx/Include/stm32f412rx.h(52): warning:  #47-D: incompatible redefinition of macro "__FPU_PRESENT" 
  #define __FPU_PRESENT             1U       /*!< FPU present                                   */
..\Drivers\HARDWARE\MPU6050\eMPL\inv_mpu.c: 1 warning, 0 errors
compiling other_function.c...
..\Drivers\HARDWARE\FUNCTION\other_function.c(78): warning:  #940-D: missing return statement at end of non-void function "get_displacement_data" 
  }
..\Drivers\HARDWARE\FUNCTION\other_function.c(79): warning:  #1-D: last line of file ends without a newline
  	
..\Drivers\HARDWARE\FUNCTION\other_function.c: 2 warnings, 0 errors
compiling lv_disp.c...
compiling lv_event.c...
compiling lv_group.c...
compiling inv_mpu_dmp_motion_driver.c...
../Drivers/CMSIS/Device/ST/STM32F4xx/Include/stm32f412rx.h(52): warning:  #47-D: incompatible redefinition of macro "__FPU_PRESENT" 
  #define __FPU_PRESENT             1U       /*!< FPU present                                   */
..\Drivers\HARDWARE\MPU6050\eMPL\inv_mpu_dmp_motion_driver.c: 1 warning, 0 errors
compiling lv_indev.c...
compiling lv_indev_scroll.c...
compiling lv_obj_class.c...
compiling kalman_filter.c...
../Drivers/CMSIS/Device/ST/STM32F4xx/Include/stm32f412rx.h(52): warning:  #47-D: incompatible redefinition of macro "__FPU_PRESENT" 
  #define __FPU_PRESENT             1U       /*!< FPU present                                   */
..\Drivers\HARDWARE\KALMAN_FILTER\kalman_filter.c(99): warning:  #1-D: last line of file ends without a newline
  }
..\Drivers\HARDWARE\KALMAN_FILTER\kalman_filter.c(72): warning:  #177-D: variable "A"  was declared but never referenced
  	static float 	A				= -64.0867		;	/* RSSI参数（可以线性回归，可以1m处信号强度代替） */
..\Drivers\HARDWARE\KALMAN_FILTER\kalman_filter.c(74): warning:  #177-D: variable "n"  was declared but never referenced
  	static float	n				= 0.4518		;	/* 传播因子 */
..\Drivers\HARDWARE\KALMAN_FILTER\kalman_filter.c: 4 warnings, 0 errors
compiling lv_obj.c...
compiling lv_obj_draw.c...
compiling lv_obj_scroll.c...
compiling lv_obj_pos.c...
compiling lv_obj_style.c...
compiling lv_obj_tree.c...
compiling lv_obj_style_gen.c...
compiling lv_refr.c...
compiling lv_draw.c...
compiling lv_theme.c...
compiling lv_draw_arc.c...
compiling lv_draw_img.c...
compiling lv_draw_label.c...
compiling lv_draw_line.c...
compiling lv_draw_rect.c...
compiling lv_draw_transform.c...
compiling lv_draw_triangle.c...
compiling lv_draw_mask.c...
compiling lv_img_buf.c...
compiling lv_img_cache.c...
compiling lv_draw_sw.c...
compiling lv_img_decoder.c...
compiling lv_draw_sw_arc.c...
compiling lv_draw_sw_dither.c...
compiling lv_draw_sw_blend.c...
compiling lv_draw_sw_gradient.c...
compiling lv_draw_sw_img.c...
compiling lv_draw_sw_letter.c...
compiling lv_draw_sw_polygon.c...
compiling lv_draw_sw_line.c...
compiling lv_draw_sw_transform.c...
compiling lv_extra.c...
compiling lv_draw_sw_rect.c...
..\Drivers\GUI\lvgl\src\draw\sw\lv_draw_sw_rect.c(239): warning:  #546-D: transfer of control bypasses initialization of:
            variable "mask_any_center"  (declared at line 286)
          goto bg_clean_up;
          ^
..\Drivers\GUI\lvgl\src\draw\sw\lv_draw_sw_rect.c: 1 warning, 0 errors
compiling lv_grid.c...
compiling lv_flex.c...
compiling lv_fragment.c...
compiling lv_fragment_manager.c...
compiling lv_gridnav.c...
compiling lv_imgfont.c...
compiling lv_monkey.c...
compiling lv_msg.c...
compiling lv_snapshot.c...
compiling lv_theme_basic.c...
compiling lv_theme_mono.c...
compiling lv_animimg.c...
compiling lv_theme_default.c...
compiling lv_calendar_header_arrow.c...
compiling lv_calendar.c...
compiling lv_calendar_header_dropdown.c...
compiling lv_colorwheel.c...
compiling lv_imgbtn.c...
compiling lv_keyboard.c...
compiling lv_chart.c...
compiling lv_led.c...
compiling lv_list.c...
compiling lv_menu.c...
compiling lv_msgbox.c...
compiling lv_meter.c...
compiling lv_spinbox.c...
compiling lv_span.c...
..\Drivers\GUI\lvgl\src\extra\widgets\span\lv_span.c(901): warning:  #546-D: transfer of control bypasses initialization of:
            variable "align"  (declared at line 905)
              goto Next_line_init;
              ^
..\Drivers\GUI\lvgl\src\extra\widgets\span\lv_span.c: 1 warning, 0 errors
compiling lv_spinner.c...
compiling lv_tileview.c...
compiling lv_tabview.c...
compiling lv_win.c...
compiling lv_font.c...
compiling lv_font_fmt_txt.c...
compiling lv_font_dejavu_16_persian_hebrew.c...
compiling lv_font_loader.c...
compiling lv_font_montserrat_8.c...
compiling lv_font_montserrat_10.c...
compiling lv_font_montserrat_12.c...
compiling lv_font_montserrat_12_subpx.c...
compiling lv_font_montserrat_14.c...
compiling lv_font_montserrat_18.c...
compiling lv_font_montserrat_16.c...
compiling lv_font_montserrat_20.c...
compiling lv_font_montserrat_22.c...
compiling lv_font_montserrat_24.c...
compiling lv_font_montserrat_26.c...
compiling lv_font_montserrat_28.c...
compiling lv_font_montserrat_28_compressed.c...
compiling lv_font_montserrat_30.c...
compiling lv_font_montserrat_34.c...
compiling lv_font_montserrat_32.c...
compiling lv_font_montserrat_36.c...
compiling lv_font_montserrat_38.c...
compiling lv_font_montserrat_40.c...
compiling lv_font_montserrat_42.c...
compiling lv_font_montserrat_44.c...
compiling lv_font_montserrat_46.c...
compiling lv_font_montserrat_48.c...
compiling lv_font_unscii_8.c...
compiling lv_font_simsun_16_cjk.c...
compiling lv_font_unscii_16.c...
compiling lv_hal_indev.c...
compiling lv_hal_disp.c...
compiling lv_hal_tick.c...
compiling lv_anim.c...
compiling lv_anim_timeline.c...
compiling lv_area.c...
compiling lv_async.c...
compiling lv_bidi.c...
compiling lv_color.c...
compiling lv_gc.c...
compiling lv_fs.c...
compiling lv_log.c...
compiling lv_ll.c...
compiling lv_lru.c...
compiling lv_math.c...
compiling lv_mem.c...
compiling lv_style.c...
compiling lv_printf.c...
compiling lv_templ.c...
compiling lv_style_gen.c...
compiling lv_timer.c...
compiling lv_tlsf.c...
compiling lv_txt.c...
compiling lv_txt_ap.c...
compiling lv_utils.c...
compiling lv_btn.c...
compiling lv_arc.c...
compiling lv_bar.c...
compiling lv_checkbox.c...
compiling lv_canvas.c...
compiling lv_btnmatrix.c...
compiling lv_img.c...
compiling lv_dropdown.c...
compiling lv_objx_templ.c...
compiling lv_label.c...
compiling lv_line.c...
compiling lv_roller.c...
compiling lv_slider.c...
compiling lv_switch.c...
compiling lv_textarea.c...
compiling lv_table.c...
compiling lv_demo_widgets.c...
compiling img_clothes.c...
compiling img_demo_widgets_avatar.c...
compiling img_lvgl_logo.c...
compiling lv_demo_benchmark.c...
compiling img_benchmark_cogwheel_alpha16.c...
compiling img_benchmark_cogwheel_argb.c...
compiling img_benchmark_cogwheel_chroma_keyed.c...
compiling img_benchmark_cogwheel_indexed16.c...
compiling img_benchmark_cogwheel_rgb.c...
compiling lv_font_bechmark_montserrat_12_compr_az.c.c...
compiling lv_font_bechmark_montserrat_16_compr_az.c.c...
compiling lv_font_bechmark_montserrat_28_compr_az.c.c...
compiling lv_demo_keypad_encoder.c...
compiling my_gui.c...
..\Drivers\GUI_APP\my_gui.c(150): warning:  #870-D: invalid multibyte character sequence
      lv_label_set_text_fmt(step_count_label, "已经走了%d�? ", step_count);
..\Drivers\GUI_APP\my_gui.c(170): warning:  #870-D: invalid multibyte character sequence
      lv_label_set_text_fmt(step_count_label, "已经走了%d�? ", 0);
..\Drivers\GUI_APP\my_gui.c(185): warning:  #870-D: invalid multibyte character sequence
      lv_label_set_text_static(name, "与天�?1角度:");
..\Drivers\GUI_APP\my_gui.c(203): warning:  #870-D: invalid multibyte character sequence
      lv_label_set_text_static(name, "与天�?1角度:");
..\Drivers\GUI_APP\my_gui.c(221): warning:  #870-D: invalid multibyte character sequence
      lv_label_set_text_static(name, "与天�?1角度:");
..\Drivers\GUI_APP\my_gui.c: 5 warnings, 0 errors
compiling my_font.c...
compiling lv_port_disp.c...
../Drivers/CMSIS/Device/ST/STM32F4xx/Include/stm32f412rx.h(52): warning:  #47-D: incompatible redefinition of macro "__FPU_PRESENT" 
  #define __FPU_PRESENT             1U       /*!< FPU present                                   */
..\Drivers\GUI\lvgl_driver\lv_port_disp.c: 1 warning, 0 errors
compiling lv_port_indev.c...
../Drivers/CMSIS/Device/ST/STM32F4xx/Include/stm32f412rx.h(52): warning:  #47-D: incompatible redefinition of macro "__FPU_PRESENT" 
  #define __FPU_PRESENT             1U       /*!< FPU present                                   */
..\Drivers\GUI\lvgl_driver\lv_port_indev.c(153): warning:  #177-D: function "button_init"  was declared but never referenced
  static void button_init(void)
..\Drivers\GUI\lvgl_driver\lv_port_indev.c(159): warning:  #177-D: function "button_read"  was declared but never referenced
  static void button_read(lv_indev_drv_t * indev_drv, lv_indev_data_t * data)
..\Drivers\GUI\lvgl_driver\lv_port_indev.c: 3 warnings, 0 errors
linking...
Program Size: Code=196276 RO-data=30204 RW-data=992 ZI-data=112424  
FromELF: creating hex file...
"LittleVGL_Test\PositioningWatch.axf" - 0 Error(s), 66 Warning(s).

<h2>Software Packages used:</h2>

Package Vendor: ARM
                http://www.keil.com/pack/ARM.CMSIS.5.8.0.pack
                ARM.CMSIS.5.8.0
                CMSIS (Common Microcontroller Software Interface Standard)
   * Component: CORE Version: 5.5.0

Package Vendor: Keil
                http://www.keil.com/pack/Keil.STM32F4xx_DFP.2.13.0.pack
                Keil.STM32F4xx_DFP.2.13.0
                STMicroelectronics STM32F4 Series Device Support, Drivers and Examples

<h2>Collection of Component include folders:</h2>
  .\RTE\_PositioningWatch
  C:\Keil_v5\ARM\PACK\ARM\CMSIS\5.8.0\CMSIS\Core\Include
  C:\Keil_v5\ARM\PACK\Keil\STM32F4xx_DFP\2.13.0\Drivers\CMSIS\Device\ST\STM32F4xx\Include

<h2>Collection of Component Files used:</h2>

   * Component: ARM::CMSIS:CORE:5.5.0
      Include file:  CMSIS\Core\Include\tz_context.h
Build Time Elapsed:  00:01:24
</pre>
</body>
</html>
